#0 building with "desktop-linux" instance using docker driver

#1 [internal] load build definition from Dockerfile
#1 transferring dockerfile: 1.04kB done
#1 WARN: FromAsCasing: 'as' and 'FROM' keywords' casing do not match (line 1)
#1 DONE 0.0s

#2 [internal] load metadata for docker.io/rustlang/rust:nightly
#2 DONE 0.4s

#3 [internal] load metadata for docker.io/library/debian:sid-slim
#3 DONE 0.5s

#4 [internal] load .dockerignore
#4 transferring context: 66B done
#4 DONE 0.0s

#5 [builder 1/9] FROM docker.io/rustlang/rust:nightly@sha256:ef33def27e02dd4ff6b02cc4fbb90ec16437a2b46bbc2ba5701aec9a234f2d65
#5 DONE 0.0s

#6 [stage-1 1/9] FROM docker.io/library/debian:sid-slim@sha256:c0f1b3716686ee452f7c62c82d8aee5f79feccba7402e967b79658100d5bd6cf
#6 DONE 0.0s

#7 [internal] load build context
#7 transferring context: 4.77MB 0.1s done
#7 DONE 0.1s

#8 [builder 4/9] COPY Cargo.toml Cargo.lock ./
#8 CACHED

#9 [builder 5/9] COPY src ./src
#9 CACHED

#10 [builder 6/9] COPY migrations ./migrations
#10 CACHED

#11 [builder 7/9] COPY migrations_postgres ./migrations_postgres
#11 CACHED

#12 [builder 2/9] WORKDIR /app
#12 CACHED

#13 [builder 3/9] RUN apt-get update && apt-get install -y     python3-dev     python3-pip     pkg-config     && rm -rf /var/lib/apt/lists/*
#13 CACHED

#14 [builder 8/9] COPY static ./static
#14 CACHED

#15 [builder 9/9] RUN cargo build --release
#15 0.260     Updating crates.io index
#15 2.299  Downloading crates ...
#15 2.550   Downloaded actix-utils v3.0.1
#15 2.579   Downloaded async-graphql-derive v7.0.17
#15 2.586   Downloaded alloc-no-stdlib v2.0.4
#15 2.589   Downloaded adler2 v2.0.1
#15 2.608   Downloaded ascii_utils v0.9.3
#15 2.626   Downloaded alloc-stdlib v0.2.2
#15 2.637   Downloaded async-convert v1.0.0
#15 2.640   Downloaded actix-rt v2.11.0
#15 2.643   Downloaded atomic-waker v1.1.2
#15 2.647   Downloaded cpufeatures v0.2.17
#15 2.650   Downloaded darling_macro v0.20.11
#15 2.652   Downloaded bit_field v0.10.3
#15 2.655   Downloaded atty v0.2.14
#15 2.657   Downloaded async-stream-impl v0.3.6
#15 2.659   Downloaded deadpool-runtime v0.1.4
#15 2.661   Downloaded cfg_aliases v0.2.1
#15 2.663   Downloaded diesel_migrations v2.3.1
#15 2.669   Downloaded derive_builder_macro v0.20.2
#15 2.669   Downloaded crypto-common v0.1.7
#15 2.672   Downloaded diesel_table_macro_syntax v0.3.0
#15 2.674   Downloaded dotenv v0.15.0
#15 2.676   Downloaded convert_case v0.4.0
#15 2.678   Downloaded derive_utils v0.15.0
#15 2.681   Downloaded bytecheck_derive v0.6.12
#15 2.682   Downloaded errno v0.3.14
#15 2.684   Downloaded fastrand v2.3.0
#15 2.686   Downloaded equivalent v1.0.2
#15 2.688   Downloaded fast_chemail v0.9.6
#15 2.690   Downloaded eventsource-stream v0.2.3
#15 2.692   Downloaded cfg-if v1.0.4
#15 2.694   Downloaded block-buffer v0.10.4
#15 2.696   Downloaded derive_builder_macro v0.12.0
#15 2.698   Downloaded envy v0.4.2
#15 2.700   Downloaded dsl_auto_type v0.2.0
#15 2.702   Downloaded dunce v1.0.5
#15 2.703   Downloaded deranged v0.5.5
#15 2.705   Downloaded data-encoding v2.9.0
#15 2.707   Downloaded http-body v1.0.1
#15 2.709   Downloaded futures-task v0.3.31
#15 2.711   Downloaded darling_macro v0.14.4
#15 2.713   Downloaded foreign-types v0.3.2
#15 2.714   Downloaded byteorder-lite v0.1.0
#15 2.716   Downloaded foreign-types-shared v0.1.1
#15 2.717   Downloaded hex v0.4.3
#15 2.719   Downloaded generic-array v0.14.7
#15 2.721   Downloaded hyper-tls v0.6.0
#15 2.723   Downloaded fnv v1.0.7
#15 2.725   Downloaded futures-io v0.3.31
#15 2.726   Downloaded color_quant v1.1.0
#15 2.728   Downloaded bytecheck v0.6.12
#15 2.729   Downloaded cfg-if v0.1.10
#15 2.731   Downloaded form_urlencoded v1.2.2
#15 2.733   Downloaded actix-codec v0.5.2
#15 2.735   Downloaded httpdate v1.0.3
#15 2.737   Downloaded http-body v0.4.6
#15 2.739   Downloaded http-range v0.1.5
#15 2.741   Downloaded downcast-rs v2.0.2
#15 2.743   Downloaded displaydoc v0.2.5
#15 2.746   Downloaded derive_builder_core v0.20.2
#15 2.748   Downloaded actix-multipart-derive v0.7.0
#15 2.750   Downloaded const_fn v0.4.11
#15 2.752   Downloaded ghash v0.5.1
#15 2.753   Downloaded futures-core v0.3.31
#15 2.755   Downloaded heck v0.5.0
#15 2.756   Downloaded futures-sink v0.3.31
#15 2.758   Downloaded futures-macro v0.3.31
#15 2.759   Downloaded deadpool-redis v0.22.0
#15 2.761   Downloaded base32 v0.5.1
#15 2.763   Downloaded bytestring v1.5.0
#15 2.764   Downloaded actix-macros v0.2.4
#15 2.766   Downloaded async-stream v0.3.6
#15 2.769   Downloaded derive_builder_core v0.12.0
#15 2.774   Downloaded foldhash v0.1.5
#15 2.777   Downloaded fs_extra v1.3.0
#15 2.780   Downloaded futures-timer v3.0.3
#15 2.783   Downloaded futures-executor v0.3.31
#15 2.785   Downloaded futures-channel v0.3.31
#15 2.787   Downloaded derive_builder v0.20.2
#15 2.791   Downloaded ident_case v1.0.1
#15 2.793   Downloaded hyper-rustls v0.24.2
#15 2.796   Downloaded humantime v2.3.0
#15 2.798   Downloaded funty v2.0.0
#15 2.799   Downloaded foldhash v0.2.0
#15 2.801   Downloaded darling_macro v0.21.3
#15 2.802   Downloaded derive_builder v0.12.0
#15 2.806   Downloaded httparse v1.10.1
#15 2.810   Downloaded kstring v2.0.2
#15 2.812   Downloaded iana-time-zone v0.1.64
#15 2.815   Downloaded find-msvc-tools v0.1.5
#15 2.817   Downloaded hyper-rustls v0.27.7
#15 2.820   Downloaded local-waker v0.1.4
#15 2.821   Downloaded gif v0.13.3
#15 2.823   Downloaded http-body-util v0.1.3
#15 2.825   Downloaded hmac v0.12.1
#15 2.827   Downloaded derive_more v0.99.20
#15 2.831   Downloaded lazycell v1.3.0
#15 2.833   Downloaded liquid v0.26.11
#15 2.835   Downloaded mime v0.3.17
#15 2.836   Downloaded getrandom v0.2.16
#15 2.839   Downloaded juniper_actix v0.6.0
#15 2.841   Downloaded deadpool v0.12.3
#15 2.844   Downloaded futures v0.3.31
#15 2.849   Downloaded icu_provider v2.1.1
#15 2.852   Downloaded crossbeam-deque v0.8.6
#15 2.853   Downloaded filetime v0.2.26
#15 2.855   Downloaded env_logger v0.8.4
#15 2.858   Downloaded icu_properties v2.1.2
#15 2.861   Downloaded half v2.7.1
#15 2.864   Downloaded idna_adapter v1.2.1
#15 2.865   Downloaded language-tags v0.3.2
#15 2.869   Downloaded lock_api v0.4.14
#15 2.871   Downloaded inout v0.1.4
#15 2.872   Downloaded icu_normalizer v2.1.1
#15 2.876   Downloaded flate2 v1.1.5
#15 2.881   Downloaded num-derive v0.3.3
#15 2.884   Downloaded num_cpus v1.17.0
#15 2.887   Downloaded instant v0.1.13
#15 2.889   Downloaded litemap v0.8.1
#15 2.892   Downloaded num-conv v0.1.0
#15 2.893   Downloaded iovec v0.1.4
#15 2.895   Downloaded liquid-lib v0.26.11
#15 2.899   Downloaded inotify-sys v0.1.5
#15 2.900   Downloaded derive_more v2.1.1
#15 2.909   Downloaded percent-encoding v2.3.2
#15 2.911   Downloaded openssl-macros v0.1.1
#15 2.912   Downloaded native-tls v0.2.14
#15 2.914   Downloaded http v1.4.0
#15 2.917   Downloaded diesel_derives v2.3.6
#15 2.923   Downloaded pgvector v0.3.4
#15 2.925   Downloaded juniper_codegen v0.16.0
#15 2.929   Downloaded num-modular v0.6.1
#15 2.931   Downloaded pin-utils v0.1.0
#15 2.932   Downloaded http v0.2.12
#15 2.936   Downloaded pest_generator v2.8.4
#15 2.938   Downloaded pem v3.0.6
#15 2.939   Downloaded password-hash v0.5.0
#15 2.941   Downloaded icu_collections v2.1.1
#15 2.946   Downloaded polyval v0.6.2
#15 2.948   Downloaded parking_lot v0.12.5
#15 2.951   Downloaded pkg-config v0.3.32
#15 2.952   Downloaded hyper-util v0.1.19
#15 2.958   Downloaded powerfmt v0.2.0
#15 2.960   Downloaded ptr_meta_derive v0.1.4
#15 2.961   Downloaded qrcodegen-image v1.5.0
#15 2.962   Downloaded qrcodegen v1.8.0
#15 2.964   Downloaded proc-macro-hack v0.5.20+deprecated
#15 2.965   Downloaded ptr_meta v0.1.4
#15 2.967   Downloaded pest_meta v2.8.4
#15 2.969   Downloaded proc-macro-error-attr v1.0.4
#15 2.970   Downloaded potential_utf v0.1.4
#15 2.972   Downloaded hashbrown v0.12.3
#15 2.986   Downloaded rand_chacha v0.3.1
#15 2.988   Downloaded r2d2 v0.8.10
#15 2.990   Downloaded memchr v2.7.6
#15 2.995   Downloaded hashbrown v0.14.5
#15 3.000   Downloaded idna v1.1.0
#15 3.005   Downloaded pq-sys v0.7.5
#15 3.007   Downloaded mio v1.1.1
#15 3.012   Downloaded mio v0.6.23
#15 3.017   Downloaded rand_chacha v0.9.0
#15 3.019   Downloaded proc-macro2 v1.0.103
#15 3.022   Downloaded rust-embed-impl v8.9.0
#15 3.023   Downloaded rend v0.4.2
#15 3.025   Downloaded icu_properties_data v2.1.2
#15 3.032   Downloaded migrations_macros v2.3.0
#15 3.034   Downloaded same-file v1.0.6
#15 3.035   Downloaded scheduled-thread-pool v0.2.7
#15 3.036   Downloaded h2 v0.3.27
#15 3.041   Downloaded quanta v0.12.6
#15 3.044   Downloaded rkyv_derive v0.7.45
#15 3.046   Downloaded openssl-probe v0.1.6
#15 3.047   Downloaded h2 v0.4.12
#15 3.052   Downloaded argon2 v0.5.3
#15 3.054   Downloaded rustversion v1.0.22
#15 3.056   Downloaded secrecy v0.8.0
#15 3.057   Downloaded sha1_smol v1.0.1
#15 3.059   Downloaded opaque-debug v0.3.1
#15 3.060   Downloaded png v0.18.0
#15 3.063   Downloaded itoa v1.0.16
#15 3.065   Downloaded rustls-pki-types v1.13.2
#15 3.067   Downloaded pest v2.8.4
#15 3.071   Downloaded juniper v0.16.2
#15 3.080   Downloaded signal-hook-registry v1.4.7
#15 3.081   Downloaded shlex v1.3.0
#15 3.082   Downloaded sha2 v0.10.9
#15 3.084   Downloaded seahash v4.1.0
#15 3.086   Downloaded ryu v1.0.21
#15 3.088   Downloaded rand v0.8.5
#15 3.090   Downloaded rand v0.9.2
#15 3.094   Downloaded subtle v2.6.1
#15 3.095   Downloaded strsim v0.10.0
#15 3.096   Downloaded scopeguard v1.2.0
#15 3.097   Downloaded moxcms v0.7.11
#15 3.105   Downloaded sync_wrapper v1.0.2
#15 3.105   Downloaded sync_wrapper v0.1.2
#15 3.106   Downloaded stable_deref_trait v1.2.1
#15 3.107   Downloaded serde_derive v1.0.228
#15 3.110   Downloaded strum_macros v0.26.4
#15 3.112   Downloaded thiserror v1.0.69
#15 3.115   Downloaded smartstring v1.0.1
#15 3.116   Downloaded smallvec v1.15.1
#15 3.118   Downloaded slab v0.4.11
#15 3.119   Downloaded simple_asn1 v0.6.3
#15 3.120   Downloaded serde_urlencoded v0.7.1
#15 3.122   Downloaded time-macros v0.1.1
#15 3.122   Downloaded spin v0.9.8
#15 3.124   Downloaded synstructure v0.13.2
#15 3.125   Downloaded async-trait v0.1.89
#15 3.128   Downloaded tinyvec_macros v0.1.1
#15 3.128   Downloaded crossbeam-epoch v0.9.18
#15 3.130   Downloaded thiserror-impl v2.0.17
#15 3.131   Downloaded simdutf8 v0.1.5
#15 3.134   Downloaded async-graphql-parser v7.0.17
#15 3.137   Downloaded static_assertions_next v1.1.2
#15 3.138   Downloaded static_assertions v1.1.0
#15 3.139   Downloaded standback v0.2.17
#15 3.140   Downloaded base64ct v1.8.1
#15 3.142   Downloaded tokio-macros v2.6.0
#15 3.143   Downloaded tokio-native-tls v0.3.1
#15 3.145   Downloaded async-openai v0.18.3
#15 3.147   Downloaded borsh-derive v1.6.0
#15 3.150   Downloaded actix-governor v0.10.0
#15 3.151   Downloaded rustls-webpki v0.103.8
#15 3.155   Downloaded time-macros-impl v0.1.2
#15 3.156   Downloaded time v0.2.27
#15 3.158   Downloaded rkyv v0.7.45
#15 3.164   Downloaded toml_datetime v0.7.5+spec-1.1.0
#15 3.166   Downloaded tokio-tungstenite v0.21.0
#15 3.167   Downloaded tinyvec v1.10.0
#15 3.169   Downloaded actix-server v2.6.0
#15 3.172   Downloaded try-lock v0.2.5
#15 3.172   Downloaded tower-service v0.3.3
#15 3.173   Downloaded tower-layer v0.3.3
#15 3.174   Downloaded tokio-rustls v0.26.4
#15 3.175   Downloaded byteorder v1.5.0
#15 3.177   Downloaded arrayvec v0.7.6
#15 3.178   Downloaded actix-multipart v0.7.2
#15 3.180   Downloaded tokio-rustls v0.24.1
#15 3.182   Downloaded serde v1.0.228
#15 3.185   Downloaded darling v0.21.3
#15 3.188   Downloaded crc32fast v1.5.0
#15 3.189   Downloaded ahash v0.7.8
#15 3.191   Downloaded unicase v2.8.1
#15 3.193   Downloaded toml v0.9.10+spec-1.1.0
#15 3.196   Downloaded utoipa-redoc v3.0.0
#15 3.197   Downloaded want v0.3.1
#15 3.197   Downloaded urlencoding v2.1.3
#15 3.198   Downloaded untrusted v0.9.0
#15 3.199   Downloaded untrusted v0.7.1
#15 3.200   Downloaded universal-hash v0.5.1
#15 3.200   Downloaded unicode-xid v0.2.6
#15 3.201   Downloaded rust_decimal v1.39.0
#15 3.207   Downloaded utf8_iter v1.0.4
#15 3.207   Downloaded tracing-attributes v0.1.31
#15 3.209   Downloaded ucd-trie v0.1.7
#15 3.211   Downloaded mime_guess v2.0.5
#15 3.212   Downloaded openssl v0.10.75
#15 3.219   Downloaded zerofrom v0.1.6
#15 3.220   Downloaded web-time v1.1.0
#15 3.221   Downloaded utf-8 v0.7.6
#15 3.222   Downloaded multer v3.1.0
#15 3.226   Downloaded walkdir v2.5.0
#15 3.230   Downloaded zerofrom-derive v0.1.6
#15 3.231   Downloaded writeable v0.6.2
#15 3.233   Downloaded tracing-core v0.1.36
#15 3.235   Downloaded yoke-derive v0.8.1
#15 3.236   Downloaded rayon v1.11.0
#15 3.243   Downloaded zeroize v1.8.2
#15 3.244   Downloaded tap v1.0.1
#15 3.245   Downloaded allocator-api2 v0.2.21
#15 3.247   Downloaded serde_json v1.0.147
#15 3.252   Downloaded regex v1.12.2
#15 3.257   Downloaded weezl v0.1.12
#15 3.260   Downloaded tokio-cron-scheduler v0.9.4
#15 3.263   Downloaded zerovec-derive v0.11.2
#15 3.265   Downloaded rust-embed-utils v8.9.0
#15 3.266   Downloaded reqwest-eventsource v0.4.0
#15 3.267   Downloaded rand_core v0.6.4
#15 3.268   Downloaded rand_core v0.9.3
#15 3.270   Downloaded zstd v0.13.3
#15 3.272   Downloaded zune-inflate v0.2.54
#15 3.274   Downloaded diesel v2.3.5
#15 3.291   Downloaded time v0.3.44
#15 3.297   Downloaded version_check v0.9.5
#15 3.298   Downloaded zstd-safe v7.2.4
#15 3.299   Downloaded zmij v0.1.8
#15 3.300   Downloaded toml_edit v0.23.10+spec-1.0.0
#15 3.302   Downloaded sct v0.7.1
#15 3.305   Downloaded reqwest v0.12.28
#15 3.309   Downloaded v_htmlescape v0.15.8
#15 3.310   Downloaded reqwest v0.11.27
#15 3.316   Downloaded tokio-util v0.7.17
#15 3.321   Downloaded blake2 v0.10.6
#15 3.323   Downloaded redis v0.32.7
#15 3.333   Downloaded regex-syntax v0.8.8
#15 3.340   Downloaded zerocopy-derive v0.8.31
#15 3.345   Downloaded tower-http v0.6.8
#15 3.351   Downloaded syn v2.0.111
#15 3.360   Downloaded bytemuck v1.24.0
#15 3.362   Downloaded rustls v0.23.35
#15 3.371   Downloaded auto_enums v0.8.7
#15 3.377   Downloaded zip v0.6.6
#15 3.380   Downloaded zerotrie v0.2.3
#15 3.383   Downloaded bytes v1.11.0
#15 3.386   Downloaded anyhow v1.0.100
#15 3.389   Downloaded zerocopy v0.8.31
#15 3.405   Downloaded zerovec v0.11.5
#15 3.410   Downloaded pin-project-lite v0.2.16
#15 3.413   Downloaded jpeg-decoder v0.3.2
#15 3.420   Downloaded termcolor v1.4.1
#15 3.421   Downloaded url v2.5.7
#15 3.423   Downloaded tower v0.5.2
#15 3.430   Downloaded syn v1.0.109
#15 3.437   Downloaded tinystr v0.8.2
#15 3.439   Downloaded tracing v0.1.44
#15 3.466   Downloaded wyz v0.5.1
#15 3.467   Downloaded darling_core v0.14.4
#15 3.470   Downloaded darling_core v0.20.11
#15 3.474   Downloaded cfb v0.7.3
#15 3.477   Downloaded totp-rs v5.7.0
#15 3.478   Downloaded time-macros v0.2.24
#15 3.480   Downloaded darling v0.20.11
#15 3.485   Downloaded pxfm v0.1.27
#15 3.506   Downloaded darling_core v0.21.3
#15 3.510   Downloaded yoke v0.8.1
#15 3.511   Downloaded rust-embed v8.9.0
#15 3.520   Downloaded cookie v0.16.2
#15 3.522   Downloaded actix-files v0.6.9
#15 3.524   Downloaded backon v1.6.0
#15 3.526   Downloaded bitflags v2.10.0
#15 3.529   Downloaded thiserror v2.0.17
#15 3.532   Downloaded tokio v1.48.0
#15 3.559   Downloaded toml_parser v1.0.6+spec-1.1.0
#15 3.561   Downloaded tokio-stream v0.1.17
#15 3.564   Downloaded semver v1.0.27
#15 3.565   Downloaded jsonwebtoken v10.2.0
#15 3.568   Downloaded unicode-ident v1.0.22
#15 3.571   Downloaded tempfile v3.24.0
#15 3.572   Downloaded thiserror-impl v1.0.69
#15 3.573   Downloaded crossbeam-utils v0.8.21
#15 3.575   Downloaded time-core v0.1.6
#15 3.576   Downloaded encoding_rs v0.8.35
#15 3.596   Downloaded cc v1.2.50
#15 3.598   Downloaded base64 v0.21.7
#15 3.601   Downloaded arc-swap v1.8.0
#15 3.604   Downloaded borsh v1.6.0
#15 3.608   Downloaded base64 v0.22.1
#15 3.611   Downloaded regex-lite v0.1.8
#15 3.613   Downloaded simd-adler32 v0.3.8
#15 3.615   Downloaded socket2 v0.5.10
#15 3.616   Downloaded serde_core v1.0.228
#15 3.618   Downloaded spinning_top v0.3.0
#15 3.620   Downloaded socket2 v0.6.1
#15 3.621   Downloaded rustc_version v0.4.1
#15 3.622   Downloaded strum v0.26.3
#15 3.623   Downloaded strsim v0.11.1
#15 3.624   Downloaded signature v2.2.0
#15 3.625   Downloaded exr v1.74.0
#15 3.632   Downloaded tiff v0.9.1
#15 3.644   Downloaded radium v0.7.0
#15 3.645   Downloaded liquid-derive v0.26.10
#15 3.646   Downloaded rayon-core v1.13.0
#15 3.650   Downloaded jobserver v0.1.34
#15 3.651   Downloaded qoi v0.4.1
#15 3.653   Downloaded ipnet v2.11.0
#15 3.654   Downloaded hyper v0.14.32
#15 3.660   Downloaded inotify v0.7.1
#15 3.661   Downloaded infer v0.15.0
#15 3.663   Downloaded png v0.17.16
#15 3.666   Downloaded dashmap v6.1.0
#15 3.667   Downloaded sha1 v0.10.6
#15 3.668   Downloaded serde_spanned v1.0.4
#15 3.669   Downloaded serde_plain v1.0.2
#15 3.670   Downloaded rustls-pemfile v1.0.4
#15 3.671   Downloaded rustls-native-certs v0.6.3
#15 3.675   Downloaded uuid v1.19.0
#15 3.679   Downloaded utoipa v4.2.3
#15 3.682   Downloaded actix-router v0.5.3
#15 3.689   Downloaded num-bigint v0.4.6
#15 3.694   Downloaded mio-extras v2.0.6
#15 3.695   Downloaded indexmap v2.12.1
#15 3.700   Downloaded typenum v1.19.0
#15 3.702   Downloaded tungstenite v0.21.0
#15 3.705   Downloaded minimal-lexical v0.2.1
#15 3.709   Downloaded itertools v0.14.0
#15 3.715   Downloaded nom v7.1.3
#15 3.719   Downloaded migrations_internals v2.3.0
#15 3.720   Downloaded libm v0.2.15
#15 3.728   Downloaded hyper v1.8.1
#15 3.734   Downloaded bigdecimal v0.4.9
#15 3.739   Downloaded aes v0.8.4
#15 3.742   Downloaded bitflags v1.3.2
#15 3.745   Downloaded futures-util v0.3.31
#15 3.753   Downloaded hashbrown v0.16.1
#15 3.757   Downloaded governor v0.10.4
#15 3.760   Downloaded iri-string v0.7.9
#15 3.766   Downloaded aes-gcm v0.10.3
#15 3.769   Downloaded unicode-segmentation v1.12.0
#15 3.772   Downloaded combine v4.6.7
#15 3.776   Downloaded anymap2 v0.13.0
#15 3.777   Downloaded cron v0.12.1
#15 3.778   Downloaded quote v1.0.42
#15 3.780   Downloaded proc-macro-error v1.0.4
#15 3.781   Downloaded ppv-lite86 v0.2.21
#15 3.783   Downloaded openssl-sys v0.9.111
#15 3.786   Downloaded convert_case v0.10.0
#15 3.787   Downloaded darling v0.14.4
#15 3.789   Downloaded cmake v0.1.57
#15 3.790   Downloaded cipher v0.4.4
#15 3.791   Downloaded proc-macro-crate v3.4.0
#15 3.792   Downloaded num-traits v0.2.19
#15 3.794   Downloaded pest_derive v2.8.4
#15 3.796   Downloaded aho-corasick v1.1.4
#15 3.800   Downloaded utoipa-gen v4.3.1
#15 3.804   Downloaded brotli-decompressor v5.0.0
#15 3.809   Downloaded linux-raw-sys v0.11.0
#15 3.854   Downloaded rustls-webpki v0.101.7
#15 3.863   Downloaded portable-atomic v1.12.0
#15 3.868   Downloaded winnow v0.7.14
#15 3.874   Downloaded chrono v0.4.42
#15 3.879   Downloaded bitvec v1.0.1
#15 3.889   Downloaded vcpkg v0.2.15
#15 3.912   Downloaded rustls v0.21.12
#15 3.919   Downloaded image v0.25.9
#15 3.926   Downloaded actix-web v4.12.1
#15 3.933   Downloaded aws-lc-rs v1.15.2
#15 3.940   Downloaded async-graphql v7.0.17
#15 3.954   Downloaded actix-http v3.11.2
#15 3.960   Downloaded parking_lot_core v0.9.12
#15 3.961   Downloaded notify v4.0.18
#15 3.963   Downloaded rustix v1.1.3
#15 3.979   Downloaded ctr v0.9.2
#15 3.981   Downloaded constant_time_eq v0.3.1
#15 3.982   Downloaded autocfg v1.5.0
#15 3.984   Downloaded miniz_oxide v0.8.9
#15 3.986   Downloaded once_cell v1.21.3
#15 3.988   Downloaded num-order v1.2.0
#15 3.989   Downloaded net2 v0.2.39
#15 3.990   Downloaded handlebars v5.1.2
#15 3.995   Downloaded backoff v0.4.0
#15 3.996   Downloaded handlebars v6.3.2
#15 4.001   Downloaded regex-automata v0.4.13
#15 4.013   Downloaded liquid-core v0.26.11
#15 4.016   Downloaded actix-cors v0.7.1
#15 4.018   Downloaded log v0.4.29
#15 4.019   Downloaded async-graphql-value v7.0.17
#15 4.020   Downloaded actix-web-codegen v4.3.0
#15 4.022   Downloaded derive_more-impl v2.1.1
#15 4.025   Downloaded actix-service v2.0.3
#15 4.027   Downloaded brotli v8.0.2
#15 4.040   Downloaded parse-size v1.1.0
#15 4.041   Downloaded num-integer v0.1.46
#15 4.042   Downloaded libc v0.2.178
#15 4.069   Downloaded local-channel v0.1.5
#15 4.071   Downloaded lebe v0.5.3
#15 4.071   Downloaded zstd-sys v2.0.16+zstd.1.5.7
#15 4.085   Downloaded lazy_static v1.5.0
#15 4.086   Downloaded getrandom v0.3.4
#15 4.088   Downloaded nonzero_ext v0.3.0
#15 4.091   Downloaded icu_locale_core v2.1.1
#15 4.095   Downloaded impl-more v0.1.9
#15 4.096   Downloaded icu_normalizer_data v2.1.1
#15 4.098   Downloaded Inflector v0.11.4
#15 4.100   Downloaded aead v0.5.2
#15 4.101   Downloaded either v1.15.0
#15 4.102   Downloaded fdeflate v0.3.7
#15 4.104   Downloaded digest v0.10.7
#15 4.108   Downloaded utoipa-swagger-ui v6.0.0
#15 4.131   Downloaded ring v0.17.14
#15 4.704   Downloaded image v0.24.9
#15 4.815   Downloaded aws-lc-sys v0.35.0
#15 5.144    Compiling proc-macro2 v1.0.103
#15 5.144    Compiling unicode-ident v1.0.22
#15 5.144    Compiling quote v1.0.42
#15 5.144    Compiling libc v0.2.178
#15 5.146    Compiling serde_core v1.0.228
#15 5.146    Compiling cfg-if v1.0.4
#15 5.147    Compiling serde v1.0.228
#15 5.149    Compiling version_check v0.9.5
#15 5.268    Compiling memchr v2.7.6
#15 5.297    Compiling log v0.4.29
#15 5.545    Compiling smallvec v1.15.1
#15 5.548    Compiling pin-project-lite v0.2.16
#15 5.609    Compiling itoa v1.0.16
#15 5.609    Compiling scopeguard v1.2.0
#15 5.646    Compiling parking_lot_core v0.9.12
#15 5.706    Compiling lock_api v0.4.14
#15 5.805    Compiling futures-core v0.3.31
#15 5.813    Compiling shlex v1.3.0
#15 5.902    Compiling find-msvc-tools v0.1.5
#15 5.919    Compiling typenum v1.19.0
#15 6.102    Compiling generic-array v0.14.7
#15 6.147    Compiling syn v2.0.111
#15 6.172    Compiling futures-sink v0.3.31
#15 6.203    Compiling slab v0.4.11
#15 6.242    Compiling once_cell v1.21.3
#15 6.252    Compiling fnv v1.0.7
#15 6.330    Compiling futures-channel v0.3.31
#15 6.430    Compiling jobserver v0.1.34
#15 6.476    Compiling getrandom v0.2.16
#15 6.573    Compiling parking_lot v0.12.5
#15 6.638    Compiling cc v1.2.50
#15 6.647    Compiling socket2 v0.6.1
#15 6.689    Compiling signal-hook-registry v1.4.7
#15 6.867    Compiling mio v1.1.1
#15 7.544    Compiling rand_core v0.6.4
#15 7.628    Compiling pin-utils v0.1.0
#15 7.678    Compiling icu_properties_data v2.1.2
#15 7.725    Compiling icu_normalizer_data v2.1.1
#15 7.770    Compiling futures-io v0.3.31
#15 7.819    Compiling futures-task v0.3.31
#15 7.872    Compiling pkg-config v0.3.32
#15 7.880    Compiling stable_deref_trait v1.2.1
#15 7.922    Compiling autocfg v1.5.0
#15 7.933    Compiling foldhash v0.2.0
#15 8.045    Compiling serde_json v1.0.147
#15 8.077    Compiling equivalent v1.0.2
#15 8.079    Compiling allocator-api2 v0.2.21
#15 8.126    Compiling getrandom v0.3.4
#15 8.204    Compiling crypto-common v0.1.7
#15 8.217    Compiling percent-encoding v2.3.2
#15 8.231    Compiling tracing-core v0.1.36
#15 8.244    Compiling zerocopy v0.8.31
#15 8.245    Compiling crc32fast v1.5.0
#15 8.292    Compiling ident_case v1.0.1
#15 8.341    Compiling bitflags v2.10.0
#15 8.369    Compiling hashbrown v0.16.1
#15 8.372    Compiling subtle v2.6.1
#15 8.406    Compiling litemap v0.8.1
#15 8.421    Compiling httparse v1.10.1
#15 8.472    Compiling writeable v0.6.2
#15 8.545    Compiling num-traits v0.2.19
#15 8.602    Compiling zmij v0.1.8
#15 8.727    Compiling simd-adler32 v0.3.8
#15 8.834    Compiling form_urlencoded v1.2.2
#15 8.936    Compiling block-buffer v0.10.4
#15 9.082    Compiling cpufeatures v0.2.17
#15 9.128    Compiling synstructure v0.13.2
#15 9.140    Compiling indexmap v2.12.1
#15 9.160    Compiling digest v0.10.7
#15 9.195    Compiling aho-corasick v1.1.4
#15 9.316    Compiling syn v1.0.109
#15 9.394    Compiling utf8_iter v1.0.4
#15 9.481    Compiling regex-syntax v0.8.8
#15 9.491    Compiling adler2 v2.0.1
#15 9.540    Compiling miniz_oxide v0.8.9
#15 9.607    Compiling strsim v0.11.1
#15 9.874    Compiling base64 v0.22.1
#15 10.40    Compiling flate2 v1.1.5
#15 10.65    Compiling serde_derive v1.0.228
#15 10.85    Compiling zerofrom-derive v0.1.6
#15 11.22    Compiling yoke-derive v0.8.1
#15 11.30    Compiling zerovec-derive v0.11.2
#15 11.99    Compiling displaydoc v0.2.5
#15 12.35    Compiling tokio-macros v2.6.0
#15 12.45    Compiling futures-macro v0.3.31
#15 12.57    Compiling zerofrom v0.1.6
#15 12.64    Compiling yoke v0.8.1
#15 12.72    Compiling tracing-attributes v0.1.31
#15 12.81    Compiling zerovec v0.11.5
#15 13.08    Compiling zerocopy-derive v0.8.31
#15 13.21    Compiling futures-util v0.3.31
#15 13.34    Compiling tinystr v0.8.2
#15 13.55    Compiling icu_locale_core v2.1.1
#15 13.98    Compiling tracing v0.1.44
#15 14.19    Compiling bytes v1.11.0
#15 14.35    Compiling potential_utf v0.1.4
#15 14.46    Compiling zerotrie v0.2.3
#15 14.49    Compiling icu_collections v2.1.1
#15 14.75    Compiling tokio v1.48.0
#15 14.78    Compiling icu_provider v2.1.1
#15 15.04    Compiling icu_normalizer v2.1.1
#15 15.05    Compiling icu_properties v2.1.2
#15 15.12    Compiling regex-automata v0.4.13
#15 15.84    Compiling http v0.2.12
#15 16.12    Compiling ppv-lite86 v0.2.21
#15 16.19    Compiling idna_adapter v1.2.1
#15 16.26    Compiling idna v1.1.0
#15 16.54    Compiling num-conv v0.1.0
#15 16.54    Compiling url v2.5.7
#15 16.63    Compiling time-core v0.1.6
#15 16.73    Compiling mime v0.3.17
#15 16.83    Compiling regex v1.12.2
#15 17.20    Compiling powerfmt v0.2.0
#15 17.22    Compiling ryu v1.0.21
#15 17.39    Compiling deranged v0.5.5
#15 17.48    Compiling time-macros v0.2.24
#15 17.79    Compiling encoding_rs v0.8.35
#15 18.41    Compiling zstd-sys v2.0.16+zstd.1.5.7
#15 18.44    Compiling socket2 v0.5.10
#15 18.46    Compiling time v0.3.44
#15 18.48    Compiling crossbeam-utils v0.8.21
#15 18.65    Compiling httpdate v1.0.3
#15 18.95    Compiling tokio-util v0.7.17
#15 19.30    Compiling serde_urlencoded v0.7.1
#15 19.52    Compiling h2 v0.3.27
#15 19.62    Compiling rand_core v0.9.3
#15 19.98    Compiling rand_chacha v0.9.0
#15 21.33    Compiling http v1.4.0
#15 21.70    Compiling sha1 v0.10.6
#15 21.83    Compiling unicode-segmentation v1.12.0
#15 22.01    Compiling alloc-no-stdlib v2.0.4
#15 22.08    Compiling local-waker v0.1.4
#15 22.12    Compiling ucd-trie v0.1.7
#15 22.25    Compiling zstd-safe v7.2.4
#15 22.38    Compiling pest v2.8.4
#15 22.81    Compiling convert_case v0.10.0
#15 22.82    Compiling alloc-stdlib v0.2.2
#15 22.95    Compiling rand v0.9.2
#15 23.06    Compiling ring v0.17.14
#15 23.18    Compiling unicode-xid v0.2.6
#15 23.43    Compiling thiserror v1.0.69
#15 23.66    Compiling derive_more-impl v2.1.1
#15 23.69    Compiling brotli-decompressor v5.0.0
#15 23.82    Compiling actix-utils v3.0.1
#15 24.05    Compiling actix-rt v2.11.0
#15 26.68    Compiling bytestring v1.5.0
#15 26.95    Compiling darling_core v0.20.11
#15 27.15    Compiling actix-service v2.0.3
#15 27.44    Compiling cookie v0.16.2
#15 27.59    Compiling try-lock v0.2.5
#15 27.65    Compiling regex-lite v0.1.8
#15 27.78    Compiling tower-service v0.3.3
#15 27.83    Compiling vcpkg v0.2.15
#15 28.26    Compiling actix-router v0.5.3
#15 28.34    Compiling openssl-sys v0.9.111
#15 28.77    Compiling want v0.3.1
#15 28.87    Compiling darling_macro v0.20.11
#15 28.89    Compiling derive_more v2.1.1
#15 28.94    Compiling brotli v8.0.2
#15 29.01    Compiling local-channel v0.1.5
#15 29.20    Compiling actix-codec v0.5.2
#15 29.38    Compiling thiserror-impl v1.0.69
#15 29.48    Compiling winnow v0.7.14
#15 29.49    Compiling language-tags v0.3.2
#15 30.49    Compiling rustversion v1.0.22
#15 30.50    Compiling untrusted v0.9.0
#15 30.57    Compiling foldhash v0.1.5
#15 30.71    Compiling darling v0.20.11
#15 30.82    Compiling toml_parser v1.0.6+spec-1.1.0
#15 31.28    Compiling actix-web-codegen v4.3.0
#15 31.39    Compiling actix-server v2.6.0
#15 32.11    Compiling pest_meta v2.8.4
#15 32.41    Compiling actix-macros v0.2.4
#15 32.42    Compiling num-integer v0.1.46
#15 32.78    Compiling toml_datetime v0.7.5+spec-1.1.0
#15 32.85    Compiling either v1.15.0
#15 32.91    Compiling impl-more v0.1.9
#15 33.19    Compiling unicase v2.8.1
#15 33.31    Compiling heck v0.5.0
#15 33.43    Compiling openssl-probe v0.1.6
#15 33.68    Compiling mime_guess v2.0.5
#15 33.94    Compiling pest_generator v2.8.4
#15 34.01    Compiling num-bigint v0.4.6
#15 34.19    Compiling crossbeam-epoch v0.9.18
#15 34.51    Compiling standback v0.2.17
#15 34.55    Compiling proc-macro-error-attr v1.0.4
#15 34.62    Compiling static_assertions v1.1.0
#15 34.66    Compiling rayon-core v1.13.0
#15 34.68    Compiling byteorder v1.5.0
#15 34.69    Compiling rustls v0.21.12
#15 34.79    Compiling strsim v0.10.0
#15 34.92    Compiling darling_core v0.14.4
#15 35.04    Compiling pest_derive v2.8.4
#15 35.27    Compiling crossbeam-deque v0.8.6
#15 35.50    Compiling sct v0.7.1
#15 35.53    Compiling rustls-webpki v0.101.7
#15 36.15    Compiling http-body v1.0.1
#15 36.25    Compiling rand_chacha v0.3.1
#15 36.61    Compiling darling_core v0.21.3
#15 36.64    Compiling fdeflate v0.3.7
#15 36.92    Compiling cmake v0.1.57
#15 37.17    Compiling proc-macro-error v1.0.4
#15 37.18    Compiling same-file v1.0.6
#15 37.28    Compiling fastrand v2.3.0
#15 37.30    Compiling foreign-types-shared v0.1.1
#15 37.40    Compiling fs_extra v1.3.0
#15 37.51    Compiling ipnet v2.11.0
#15 37.59    Compiling openssl v0.10.75
#15 37.61    Compiling dunce v1.0.5
#15 37.65    Compiling minimal-lexical v0.2.1
#15 37.68    Compiling zeroize v1.8.2
#15 37.69    Compiling aws-lc-sys v0.35.0
#15 37.83    Compiling nom v7.1.3
#15 38.24    Compiling foreign-types v0.3.2
#15 38.31    Compiling walkdir v2.5.0
#15 38.46    Compiling darling_macro v0.14.4
#15 38.59    Compiling rand v0.8.5
#15 38.80    Compiling darling_macro v0.21.3
#15 39.30    Compiling http-body v0.4.6
#15 39.42    Compiling futures-executor v0.3.31
#15 39.51    Compiling async-trait v0.1.89
#15 39.63    Compiling openssl-macros v0.1.1
#15 39.88    Compiling proc-macro-hack v0.5.20+deprecated
#15 40.01    Compiling iana-time-zone v0.1.64
#15 40.10    Compiling base64 v0.21.7
#15 40.26    Compiling rustix v1.1.3
#15 40.31    Compiling futures-timer v3.0.3
#15 40.46    Compiling atomic-waker v1.1.2
#15 40.49    Compiling thiserror v2.0.17
#15 40.52    Compiling libm v0.2.15
#15 40.54    Compiling native-tls v0.2.14
#15 40.55    Compiling bytemuck v1.24.0
#15 40.66    Compiling h2 v0.4.12
#15 40.69    Compiling tokio-rustls v0.24.1
#15 40.75    Compiling rustls-pemfile v1.0.4
#15 40.89    Compiling chrono v0.4.42
#15 41.14    Compiling sha2 v0.10.9
#15 41.35    Compiling futures v0.3.31
#15 41.42    Compiling hyper v0.14.32
#15 41.60    Compiling darling v0.21.3
#15 41.88    Compiling darling v0.14.4
#15 42.27    Compiling uuid v1.19.0
#15 42.61    Compiling thiserror-impl v2.0.17
#15 43.98    Compiling pxfm v0.1.27
#15 45.70    Compiling pq-sys v0.7.5
#15 45.90    Compiling bigdecimal v0.4.9
#15 46.06    Compiling smartstring v1.0.1
#15 46.19    Compiling inout v0.1.4
#15 46.27    Compiling serde_spanned v1.0.4
#15 46.31    Compiling bitflags v1.3.2
#15 46.37    Compiling portable-atomic v1.12.0
#15 46.49    Compiling diesel_derives v2.3.6
#15 46.61    Compiling cfg-if v0.1.10
#15 46.65    Compiling linux-raw-sys v0.11.0
#15 47.60    Compiling zip v0.6.6
#15 48.00    Compiling net2 v0.2.39
#15 48.60    Compiling dsl_auto_type v0.2.0
#15 48.64    Compiling toml v0.9.10+spec-1.1.0
#15 49.00    Compiling cipher v0.4.4
#15 49.26    Compiling moxcms v0.7.11
#15 49.29    Compiling hyper-rustls v0.24.2
#15 49.45    Compiling hyper v1.8.1
#15 49.71    Compiling utoipa-gen v4.3.1
#15 49.91    Compiling derive_builder_core v0.12.0
#15 50.51    Compiling async-graphql-value v7.0.17
#15 50.56    Compiling rust-embed-utils v8.9.0
#15 51.28    Compiling rustls-native-certs v0.6.3
#15 51.56    Compiling rayon v1.11.0
#15 52.71    Compiling png v0.18.0
#15 52.91    Compiling toml_edit v0.23.10+spec-1.0.0
#15 52.99    Compiling kstring v2.0.2
#15 53.17    Compiling strum_macros v0.26.4
#15 53.63    Compiling itertools v0.14.0
#15 53.75    Compiling derive_builder_core v0.20.2
#15 53.84    Compiling liquid-derive v0.26.10
#15 54.53    Compiling diesel_table_macro_syntax v0.3.0
#15 54.68    Compiling derive_utils v0.15.0
#15 54.95    Compiling universal-hash v0.5.1
#15 55.11    Compiling scheduled-thread-pool v0.2.7
#15 55.20    Compiling iovec v0.1.4
#15 55.27    Compiling sync_wrapper v1.0.2
#15 55.28    Compiling multer v3.1.0
#15 55.32    Compiling weezl v0.1.12
#15 55.40    Compiling hashbrown v0.14.5
#15 55.48    Compiling anymap2 v0.13.0
#15 55.50    Compiling sync_wrapper v0.1.2
#15 55.54    Compiling lazy_static v1.5.0
#15 55.57    Compiling aws-lc-rs v1.15.2
#15 55.61    Compiling byteorder-lite v0.1.0
#15 55.64    Compiling const_fn v0.4.11
#15 55.72    Compiling tower-layer v0.3.3
#15 55.78    Compiling v_htmlescape v0.15.8
#15 55.83    Compiling anyhow v1.0.100
#15 55.87    Compiling opaque-debug v0.3.1
#15 55.90    Compiling tower v0.5.2
#15 55.92    Compiling dashmap v6.1.0
#15 55.95    Compiling polyval v0.6.2
#15 56.11    Compiling image v0.25.9
#15 56.11    Compiling liquid-core v0.26.11
#15 56.28    Compiling Inflector v0.11.4
#15 56.39    Compiling reqwest v0.11.27
#15 56.41    Compiling mio v0.6.23
#15 56.48    Compiling r2d2 v0.8.10
#15 57.80    Compiling strum v0.26.3
#15 57.87    Compiling auto_enums v0.8.7
#15 59.98    Compiling derive_builder_macro v0.20.2
#15 60.50    Compiling utoipa v4.2.3
#15 63.82    Compiling proc-macro-crate v3.4.0
#15 64.21    Compiling jpeg-decoder v0.3.2
#15 67.07    Compiling time-macros-impl v0.1.2
#15 67.61    Compiling juniper_codegen v0.16.0
#15 69.01    Compiling async-graphql-parser v7.0.17
#15 70.25    Compiling rust-embed-impl v8.9.0
#15 70.85    Compiling derive_builder_macro v0.12.0
#15 70.90    Compiling hyper-util v0.1.19
#15 71.31    Compiling tokio-native-tls v0.3.1
#15 71.50    Compiling migrations_internals v2.3.0
#15 71.68    Compiling tempfile v3.24.0
#15 72.09    Compiling utoipa-swagger-ui v6.0.0
#15 72.64    Compiling eventsource-stream v0.2.3
#15 72.65    Compiling backon v1.6.0
#15 72.84    Compiling http-body-util v0.1.3
#15 73.04    Compiling arc-swap v1.8.0
#15 73.10    Compiling quanta v0.12.6
#15 73.22    Compiling combine v4.6.7
#15 73.54    Compiling deadpool-runtime v0.1.4
#15 73.56    Compiling half v2.7.1
#15 73.67    Compiling async-stream-impl v0.3.6
#15 74.06    Compiling zune-inflate v0.2.54
#15 74.21    Compiling inotify-sys v0.1.5
#15 74.28    Compiling num_cpus v1.17.0
#15 74.46    Compiling spinning_top v0.3.0
#15 74.53    Compiling time v0.2.27
#15 74.55    Compiling instant v0.1.13
#15 74.62    Compiling lazycell v1.3.0
#15 74.67    Compiling convert_case v0.4.0
#15 74.68    Compiling sha1_smol v1.0.1
#15 74.88    Compiling base64ct v1.8.1
#15 74.92    Compiling rust_decimal v1.39.0
#15 75.03    Compiling iri-string v0.7.9
#15 75.09    Compiling nonzero_ext v0.3.0
#15 75.16    Compiling num-modular v0.6.1
#15 75.66    Compiling web-time v1.1.0
#15 75.70    Compiling utf-8 v0.7.6
#15 75.72    Compiling qrcodegen v1.8.0
#15 75.75    Compiling data-encoding v2.9.0
#15 75.81    Compiling tokio-cron-scheduler v0.9.4
#15 75.97    Compiling spin v0.9.8
#15 75.97    Compiling color_quant v1.1.0
#15 76.02    Compiling bit_field v0.10.3
#15 76.12    Compiling untrusted v0.7.1
#15 76.23    Compiling downcast-rs v2.0.2
#15 76.24    Compiling ascii_utils v0.9.3
#15 76.29    Compiling lebe v0.5.3
#15 76.35    Compiling parse-size v1.1.0
#15 76.43    Compiling exr v1.74.0
#15 76.44    Compiling actix-multipart-derive v0.7.0
#15 76.67    Compiling tower-http v0.6.8
#15 77.09    Compiling redis v0.32.7
#15 77.12    Compiling fast_chemail v0.9.6
#15 77.31    Compiling diesel v2.3.5
#15 77.55    Compiling deadpool v0.12.3
#15 77.64    Compiling gif v0.13.3
#15 78.29    Compiling zstd v0.13.3
#15 78.66    Compiling actix-http v3.11.2
#15 78.70    Compiling tungstenite v0.21.0
#15 79.12    Compiling qrcodegen-image v1.5.0
#15 79.13    Compiling governor v0.10.4
#15 79.95    Compiling num-order v1.2.0
#15 80.16    Compiling liquid-lib v0.26.11
#15 80.45    Compiling password-hash v0.5.0
#15 81.36    Compiling actix-web v4.12.1
#15 81.76    Compiling derive_more v0.99.20
#15 84.37    Compiling mio-extras v2.0.6
#15 84.74    Compiling backoff v0.4.0
#15 84.80    Compiling inotify v0.7.1
#15 84.89    Compiling async-stream v0.3.6
#15 85.17    Compiling hyper-tls v0.6.0
#15 85.37    Compiling reqwest-eventsource v0.4.0
#15 86.41    Compiling rust-embed v8.9.0
#15 86.49    Compiling migrations_macros v2.3.0
#15 86.88    Compiling juniper v0.16.2
#15 91.73    Compiling derive_builder v0.12.0
#15 91.83    Compiling async-graphql-derive v7.0.17
#15 93.52    Compiling time-macros v0.1.1
#15 93.57    Compiling tiff v0.9.1
#15 93.63    Compiling derive_builder v0.20.2
#15 94.25    Compiling ghash v0.5.1
#15 94.47    Compiling cfb v0.7.3
#15 94.73    Compiling simple_asn1 v0.6.3
#15 94.77    Compiling ctr v0.9.2
#15 94.91    Compiling aes v0.8.4
#15 95.44    Compiling png v0.17.16
#15 95.65    Compiling cron v0.12.1
#15 96.04    Compiling qoi v0.4.1
#15 96.33    Compiling async-convert v1.0.0
#15 96.38    Compiling rustls-pki-types v1.13.2
#15 96.61    Compiling secrecy v0.8.0
#15 96.75    Compiling handlebars v5.1.2
#15 97.27    Compiling tokio-stream v0.1.17
#15 97.68    Compiling serde_plain v1.0.2
#15 97.83    Compiling num-derive v0.3.3
#15 97.87    Compiling pem v3.0.6
#15 98.38    Compiling hmac v0.12.1
#15 98.48    Compiling blake2 v0.10.6
#15 98.50    Compiling aead v0.5.2
#15 98.54    Compiling atty v0.2.14
#15 98.59    Compiling filetime v0.2.26
#15 98.60    Compiling http-range v0.1.5
#15 98.62    Compiling arrayvec v0.7.6
#15 98.76    Compiling constant_time_eq v0.3.1
#15 98.79    Compiling static_assertions_next v1.1.2
#15 98.81    Compiling humantime v2.3.0
#15 98.83    Compiling urlencoding v2.1.3
#15 98.85    Compiling signature v2.2.0
#15 98.87    Compiling termcolor v1.4.1
#15 98.92    Compiling base32 v0.5.1
#15 99.00    Compiling totp-rs v5.7.0
#15 99.09    Compiling async-graphql v7.0.17
#15 99.13    Compiling env_logger v0.8.4
#15 99.36    Compiling argon2 v0.5.3
#15 100.2    Compiling actix-files v0.6.9
#15 100.3    Compiling notify v4.0.18
#15 100.9    Compiling diesel_migrations v2.3.1
#15 101.3    Compiling aes-gcm v0.10.3
#15 101.5    Compiling actix-multipart v0.7.2
#15 103.8    Compiling async-openai v0.18.3
#15 104.2    Compiling reqwest v0.12.28
#15 104.3    Compiling image v0.24.9
#15 104.4    Compiling infer v0.15.0
#15 107.8    Compiling juniper_actix v0.6.0
#15 108.0    Compiling handlebars v6.3.2
#15 108.1    Compiling deadpool-redis v0.22.0
#15 111.8    Compiling actix-cors v0.7.1
#15 113.0    Compiling actix-governor v0.10.0
#15 113.4    Compiling utoipa-redoc v3.0.0
#15 113.4    Compiling liquid v0.26.11
#15 114.2    Compiling tokio-tungstenite v0.21.0
#15 114.4    Compiling envy v0.4.2
#15 114.6    Compiling pgvector v0.3.4
#15 114.7    Compiling dotenv v0.15.0
#15 115.1    Compiling hex v0.4.3
#15 123.7    Compiling jsonwebtoken v10.2.0
#15 124.8    Compiling freeradical v1.4.0 (/app)
#15 126.1 warning: unused import: `diesel::pg::PgConnection`
#15 126.1  --> src/main.rs:5:5
#15 126.1   |
#15 126.1 5 | use diesel::pg::PgConnection;
#15 126.1   |     ^^^^^^^^^^^^^^^^^^^^^^^^
#15 126.1   |
#15 126.1   = note: `#[warn(unused_imports)]` (part of `#[warn(unused)]`) on by default
#15 126.1 
#15 126.1 warning: unused imports: `ConnectionManager` and `Pool`
#15 126.1  --> src/main.rs:6:20
#15 126.1   |
#15 126.1 6 | use diesel::r2d2::{ConnectionManager, Pool};
#15 126.1   |                    ^^^^^^^^^^^^^^^^^  ^^^^
#15 126.1 
#15 126.1 warning: unused import: `diesel::Connection`
#15 126.1  --> src/main.rs:7:5
#15 126.1   |
#15 126.1 7 | use diesel::Connection;
#15 126.1   |     ^^^^^^^^^^^^^^^^^^
#15 126.1 
#15 126.1 warning: unused import: `handlebars::Handlebars`
#15 126.1  --> src/main.rs:8:5
#15 126.1   |
#15 126.1 8 | use handlebars::Handlebars;
#15 126.1   |     ^^^^^^^^^^^^^^^^^^^^^^
#15 126.1 
#15 126.1 warning: unused import: `std::sync::Mutex`
#15 126.1  --> src/main.rs:9:5
#15 126.1   |
#15 126.1 9 | use std::sync::Mutex;
#15 126.1   |     ^^^^^^^^^^^^^^^^
#15 126.1 
#15 126.1 warning: unused import: `std::time::Duration`
#15 126.1   --> src/main.rs:10:5
#15 126.1    |
#15 126.1 10 | use std::time::Duration;
#15 126.1    |     ^^^^^^^^^^^^^^^^^^^
#15 126.1 
#15 126.1 warning: unused import: `MigrationHarness`
#15 126.1   --> src/main.rs:14:63
#15 126.1    |
#15 126.1 14 | use diesel_migrations::{embed_migrations, EmbeddedMigrations, MigrationHarness};
#15 126.1    |                                                               ^^^^^^^^^^^^^^^^
#15 126.1 
#15 126.1 warning: unused import: `crate::models::PooledDatabaseConnection`
#15 126.1   --> src/controllers/product_controller.rs:29:9
#15 126.1    |
#15 126.1 29 |     use crate::models::PooledDatabaseConnection;
#15 126.1    |         ^^^^^^^^^^^^^^^^^^^^^^^^^^^^^^^^^^^^^^^
#15 126.1 
#15 126.1 warning: unused import: `crate::models::PooledDatabaseConnection`
#15 126.1   --> src/controllers/product_controller.rs:62:9
#15 126.1    |
#15 126.1 62 |     use crate::models::PooledDatabaseConnection;
#15 126.1    |         ^^^^^^^^^^^^^^^^^^^^^^^^^^^^^^^^^^^^^^^
#15 126.1 
#15 126.1 warning: unused import: `crate::models::PooledDatabaseConnection`
#15 126.1   --> src/controllers/product_controller.rs:81:9
#15 126.1    |
#15 126.1 81 |     use crate::models::PooledDatabaseConnection;
#15 126.1    |         ^^^^^^^^^^^^^^^^^^^^^^^^^^^^^^^^^^^^^^^
#15 126.1 
#15 126.1 warning: unnecessary trailing semicolon
#15 126.1    --> src/controllers/product_controller.rs:110:9
#15 126.1     |
#15 126.1 110 |         ;
#15 126.1     |         ^ help: remove this semicolon
#15 126.1     |
#15 126.1     = note: `#[warn(redundant_semicolons)]` (part of `#[warn(unused)]`) on by default
#15 126.1 
#15 126.1 warning: unused import: `crate::models::PooledDatabaseConnection`
#15 126.1    --> src/controllers/product_controller.rs:102:9
#15 126.1     |
#15 126.1 102 |     use crate::models::PooledDatabaseConnection;
#15 126.1     |         ^^^^^^^^^^^^^^^^^^^^^^^^^^^^^^^^^^^^^^^
#15 126.1 
#15 126.1 warning: unnecessary trailing semicolon
#15 126.1    --> src/controllers/product_controller.rs:134:9
#15 126.1     |
#15 126.1 134 |         ;
#15 126.1     |         ^ help: remove this semicolon
#15 126.1 
#15 126.1 warning: unused import: `crate::models::PooledDatabaseConnection`
#15 126.1    --> src/controllers/product_controller.rs:126:9
#15 126.1     |
#15 126.1 126 |     use crate::models::PooledDatabaseConnection;
#15 126.1     |         ^^^^^^^^^^^^^^^^^^^^^^^^^^^^^^^^^^^^^^^
#15 126.1 
#15 126.1 warning: unused import: `chrono::NaiveDateTime`
#15 126.1  --> src/controllers/order_controller.rs:5:5
#15 126.1   |
#15 126.1 5 | use chrono::NaiveDateTime;
#15 126.1   |     ^^^^^^^^^^^^^^^^^^^^^
#15 126.1 
#15 126.1 warning: unused import: `PooledDatabaseConnection`
#15 126.1  --> src/controllers/order_controller.rs:7:49
#15 126.1   |
#15 126.1 7 | use crate::models::{pool_handler, DatabasePool, PooledDatabaseConnection};
#15 126.1   |                                                 ^^^^^^^^^^^^^^^^^^^^^^^^
#15 126.1 
#15 126.1 warning: unused import: `OrderItem`
#15 126.1  --> src/controllers/order_controller.rs:8:45
#15 126.1   |
#15 126.1 8 | use crate::models::commerce_models::{Order, OrderItem, NewOrder, NewOrderItem, Product};
#15 126.1   |                                             ^^^^^^^^^
#15 126.1 
#15 126.1 warning: unused import: `pool_handler`
#15 126.1  --> src/controllers/relationship_controller.rs:6:35
#15 126.1   |
#15 126.1 6 | use crate::models::{DatabasePool, pool_handler};
#15 126.1   |                                   ^^^^^^^^^^^^
#15 126.1 
#15 126.1 warning: unused import: `pool_handler`
#15 126.1  --> src/controllers/webhook_controller.rs:5:35
#15 126.1   |
#15 126.1 5 | use crate::models::{DatabasePool, pool_handler};
#15 126.1   |                                   ^^^^^^^^^^^^
#15 126.1 
#15 126.1 warning: unused import: `web`
#15 126.1  --> src/controllers/backup_controller.rs:1:28
#15 126.1   |
#15 126.1 1 | use actix_web::{get, post, web, HttpResponse, Responder};
#15 126.1   |                            ^^^
#15 126.1 
#15 126.1 warning: unused import: `Serialize`
#15 126.1  --> src/controllers/payment_controller.rs:6:26
#15 126.1   |
#15 126.1 6 | use serde::{Deserialize, Serialize};
#15 126.1   |                          ^^^^^^^^^
#15 126.1 
#15 126.1 warning: unused import: `async_graphql::http`
#15 126.1  --> src/controllers/graphql_controller.rs:5:5
#15 126.1   |
#15 126.1 5 | use async_graphql::http;
#15 126.1   |     ^^^^^^^^^^^^^^^^^^^
#15 126.1 
#15 126.1 warning: unused import: `Serialize`
#15 126.1  --> src/controllers/graphql_controller.rs:7:26
#15 126.1   |
#15 126.1 7 | use serde::{Deserialize, Serialize};
#15 126.1   |                          ^^^^^^^^^
#15 126.1 
#15 126.1 warning: unused import: `pool_handler`
#15 126.1  --> src/controllers/search_controller.rs:3:35
#15 126.1   |
#15 126.1 3 | use crate::models::{DatabasePool, pool_handler};
#15 126.1   |                                   ^^^^^^^^^^^^
#15 126.1 
#15 126.1 warning: unused imports: `delete` and `put`
#15 126.1  --> src/controllers/i18n_controller.rs:1:58
#15 126.1   |
#15 126.1 1 | use actix_web::{web, HttpResponse, Responder, get, post, put, delete};
#15 126.1   |                                                          ^^^  ^^^^^^
#15 126.1 
#15 126.1 warning: unused import: `Language`
#15 126.1  --> src/controllers/i18n_controller.rs:5:58
#15 126.1   |
#15 126.1 5 | use crate::services::language_service::{LanguageService, Language, NewLanguage};
#15 126.1   |                                                          ^^^^^^^^
#15 126.1 
#15 126.1 warning: unused import: `post`
#15 126.1  --> src/controllers/oauth_controller.rs:1:52
#15 126.1   |
#15 126.1 1 | use actix_web::{web, HttpResponse, Responder, get, post};
#15 126.1   |                                                    ^^^^
#15 126.1 
#15 126.1 warning: unused import: `Serialize`
#15 126.1  --> src/controllers/oauth_controller.rs:2:26
#15 126.1   |
#15 126.1 2 | use serde::{Deserialize, Serialize};
#15 126.1   |                          ^^^^^^^^^
#15 126.1 
#15 126.1 warning: unused import: `web`
#15 126.1  --> src/controllers/dashboard_controller.rs:1:47
#15 126.1   |
#15 126.1 1 | use actix_web::{get, HttpResponse, Responder, web};
#15 126.1   |                                               ^^^
#15 126.1 
#15 126.1 warning: unused import: `Deserialize`
#15 126.1  --> src/controllers/dashboard_controller.rs:2:24
#15 126.1   |
#15 126.1 2 | use serde::{Serialize, Deserialize};
#15 126.1   |                        ^^^^^^^^^^^
#15 126.1 
#15 126.1 warning: unused import: `std::time::Duration`
#15 126.1  --> src/services/cache_service.rs:2:5
#15 126.1   |
#15 126.1 2 | use std::time::Duration;
#15 126.1   |     ^^^^^^^^^^^^^^^^^^^
#15 126.1 
#15 126.1 warning: unused import: `chrono::NaiveDateTime`
#15 126.1  --> src/services/analytics_service.rs:2:5
#15 126.1   |
#15 126.1 2 | use chrono::NaiveDateTime;
#15 126.1   |     ^^^^^^^^^^^^^^^^^^^^^
#15 126.1 
#15 126.1 warning: unused imports: `Duration` and `Timelike`
#15 126.1   --> src/services/analytics_service.rs:83:27
#15 126.1    |
#15 126.1 83 |         use chrono::{Utc, Duration, Timelike};
#15 126.1    |                           ^^^^^^^^  ^^^^^^^^
#15 126.1 
#15 126.1 warning: unused import: `Timelike`
#15 126.1    --> src/services/analytics_service.rs:128:27
#15 126.1     |
#15 126.1 128 |         use chrono::{Utc, Timelike};
#15 126.1     |                           ^^^^^^^^
#15 126.1 
#15 126.1 warning: unused imports: `PasswordHash` and `PasswordVerifier`
#15 126.1  --> src/services/auth_service.rs:4:33
#15 126.1   |
#15 126.1 4 | use password_hash::{SaltString, PasswordHash, PasswordVerifier};
#15 126.1   |                                 ^^^^^^^^^^^^  ^^^^^^^^^^^^^^^^
#15 126.1 
#15 126.1 warning: unused import: `diesel::prelude::*`
#15 126.1  --> src/services/auth_service.rs:5:5
#15 126.1   |
#15 126.1 5 | use diesel::prelude::*;
#15 126.1   |     ^^^^^^^^^^^^^^^^^^
#15 126.1 
#15 126.1 warning: unused import: `pool_handler`
#15 126.1   --> src/services/auth_service.rs:13:21
#15 126.1    |
#15 126.1 13 | use crate::models::{pool_handler, user_models, Model, DatabasePool};
#15 126.1    |                     ^^^^^^^^^^^^
#15 126.1 
#15 126.1 warning: unused imports: `page_revisions` and `pages`
#15 126.1  --> src/services/revision_service.rs:5:21
#15 126.1   |
#15 126.1 5 | use crate::schema::{pages, page_revisions};
#15 126.1   |                     ^^^^^  ^^^^^^^^^^^^^^
#15 126.1 
#15 126.1 warning: unused import: `chrono::Utc`
#15 126.1  --> src/services/inventory_service.rs:5:5
#15 126.1   |
#15 126.1 5 | use chrono::Utc;
#15 126.1   |     ^^^^^^^^^^^
#15 126.1 
#15 126.1 warning: unused import: `uuid::Uuid`
#15 126.1  --> src/services/inventory_service.rs:6:5
#15 126.1   |
#15 126.1 6 | use uuid::Uuid;
#15 126.1   |     ^^^^^^^^^^
#15 126.1 
#15 126.1 warning: unused import: `actix_web::web`
#15 126.1  --> src/services/ai_scope_service.rs:1:5
#15 126.1   |
#15 126.1 1 | use actix_web::web;
#15 126.1   |     ^^^^^^^^^^^^^^
#15 126.1 
#15 126.1 warning: unused import: `diesel::prelude::*`
#15 126.1  --> src/services/ai_scope_service.rs:2:5
#15 126.1   |
#15 126.1 2 | use diesel::prelude::*;
#15 126.1   |     ^^^^^^^^^^^^^^^^^^
#15 126.1 
#15 126.1 warning: unused import: `crate::models::DbPool`
#15 126.1  --> src/services/ai_scope_service.rs:4:5
#15 126.1   |
#15 126.1 4 | use crate::models::DbPool;
#15 126.1   |     ^^^^^^^^^^^^^^^^^^^^^
#15 126.1 
#15 126.1 warning: unused import: `AIUsageLog`
#15 126.1  --> src/services/ai_content_service.rs:6:59
#15 126.1   |
#15 126.1 6 | use crate::models::ai_provider_models::{AIProviderConfig, AIUsageLog, NewAIUsageLog};
#15 126.1   |                                                           ^^^^^^^^^^
#15 126.1 
#15 126.1 warning: unused import: `HttpResponse`
#15 126.1  --> src/services/ai_authorization_service.rs:1:35
#15 126.1   |
#15 126.1 1 | use actix_web::{web, HttpRequest, HttpResponse};
#15 126.1   |                                   ^^^^^^^^^^^^
#15 126.1 
#15 126.1 warning: unused import: `diesel::prelude::*`
#15 126.1  --> src/services/ai_authorization_service.rs:3:5
#15 126.1   |
#15 126.1 3 | use diesel::prelude::*;
#15 126.1   |     ^^^^^^^^^^^^^^^^^^
#15 126.1 
#15 126.1 warning: unused import: `crate::schema::pages`
#15 126.1   --> src/services/ai_authorization_service.rs:92:9
#15 126.1    |
#15 126.1 92 |     use crate::schema::pages;
#15 126.1    |         ^^^^^^^^^^^^^^^^^^^^
#15 126.1 
#15 126.1 warning: unused import: `crate::schema::pages`
#15 126.1    --> src/services/ai_authorization_service.rs:127:9
#15 126.1     |
#15 126.1 127 |     use crate::schema::pages;
#15 126.1     |         ^^^^^^^^^^^^^^^^^^^^
#15 126.1 
#15 126.1 warning: unused import: `error`
#15 126.1  --> src/services/ai_command_executor.rs:2:17
#15 126.1   |
#15 126.1 2 | use log::{info, error};
#15 126.1   |                 ^^^^^
#15 126.1 
#15 126.1 warning: unused import: `error`
#15 126.1  --> src/services/ai_response_handler.rs:1:23
#15 126.1   |
#15 126.1 1 | use log::{info, warn, error};
#15 126.1   |                       ^^^^^
#15 126.1 
#15 126.1 warning: unused imports: `error` and `warn`
#15 126.1  --> src/services/workflow_orchestrator.rs:3:17
#15 126.1   |
#15 126.1 3 | use log::{info, warn, error};
#15 126.1   |                 ^^^^  ^^^^^
#15 126.1 
#15 126.1 warning: unused imports: `Duration` and `sleep`
#15 126.1  --> src/services/content_scheduler.rs:3:19
#15 126.1   |
#15 126.1 3 | use tokio::time::{sleep, Duration};
#15 126.1   |                   ^^^^^  ^^^^^^^^
#15 126.1 
#15 126.1 warning: unused import: `serde_json::Value`
#15 126.1  --> src/services/schema_markup.rs:2:5
#15 126.1   |
#15 126.1 2 | use serde_json::Value;
#15 126.1   |     ^^^^^^^^^^^^^^^^^
#15 126.1 
#15 126.1 warning: unused import: `std::collections::HashMap`
#15 126.1  --> src/services/link_builder.rs:3:5
#15 126.1   |
#15 126.1 3 | use std::collections::HashMap;
#15 126.1   |     ^^^^^^^^^^^^^^^^^^^^^^^^^
#15 126.1 
#15 126.1 warning: unused import: `std::collections::HashMap`
#15 126.1  --> src/services/competitor_analyzer.rs:3:5
#15 126.1   |
#15 126.1 3 | use std::collections::HashMap;
#15 126.1   |     ^^^^^^^^^^^^^^^^^^^^^^^^^
#15 126.1 
#15 126.1 warning: unused import: `std::collections::HashMap`
#15 126.1  --> src/services/inventory_analytics.rs:3:5
#15 126.1   |
#15 126.1 3 | use std::collections::HashMap;
#15 126.1   |     ^^^^^^^^^^^^^^^^^^^^^^^^^
#15 126.1 
#15 126.1 warning: unused import: `roles`
#15 126.1   --> src/services/permission_service.rs:77:37
#15 126.1    |
#15 126.1 77 |     use crate::schema::{user_roles, roles};
#15 126.1    |                                     ^^^^^
#15 126.1 
#15 126.1 warning: unused import: `crate::schema::pages`
#15 126.1    --> src/services/permission_service.rs:123:9
#15 126.1     |
#15 126.1 123 |     use crate::schema::pages;
#15 126.1     |         ^^^^^^^^^^^^^^^^^^^^
#15 126.1 
#15 126.1 warning: unused import: `HttpResponse`
#15 126.1  --> src/services/plugin_service/mod.rs:1:38
#15 126.1   |
#15 126.1 1 | use actix_web::{dev::ServiceRequest, HttpResponse};
#15 126.1   |                                      ^^^^^^^^^^^^
#15 126.1 
#15 126.1 warning: unused import: `body::BoxBody`
#15 126.1  --> src/services/plugin_service/middleware.rs:2:24
#15 126.1   |
#15 126.1 2 | use actix_web::{Error, body::BoxBody};
#15 126.1   |                        ^^^^^^^^^^^^^
#15 126.1 
#15 126.1 warning: unused import: `std::path::Path`
#15 126.1  --> src/services/template_service.rs:1:5
#15 126.1   |
#15 126.1 1 | use std::path::Path;
#15 126.1   |     ^^^^^^^^^^^^^^^
#15 126.1 
#15 126.1 warning: unused import: `Template`
#15 126.1  --> src/services/template_service.rs:4:37
#15 126.1   |
#15 126.1 4 | use liquid::{Parser, ParserBuilder, Template};
#15 126.1   |                                     ^^^^^^^^
#15 126.1 
#15 126.1 warning: unused imports: `Deserialize` and `Serialize`
#15 126.1  --> src/services/language_service.rs:2:13
#15 126.1   |
#15 126.1 2 | use serde::{Deserialize, Serialize};
#15 126.1   |             ^^^^^^^^^^^  ^^^^^^^^^
#15 126.1 
#15 126.1 warning: unused import: `diesel::prelude::*`
#15 126.1  --> src/services/analytics_service_v2.rs:1:5
#15 126.1   |
#15 126.1 1 | use diesel::prelude::*;
#15 126.1   |     ^^^^^^^^^^^^^^^^^^
#15 126.1 
#15 126.1 warning: unused import: `Deserialize`
#15 126.1  --> src/services/analytics_service_v2.rs:2:13
#15 126.1   |
#15 126.1 2 | use serde::{Deserialize, Serialize};
#15 126.1   |             ^^^^^^^^^^^
#15 126.1 
#15 126.1 warning: unused import: `crate::services::language_service::LanguageService`
#15 126.1  --> src/services/hreflang_service.rs:1:5
#15 126.1   |
#15 126.1 1 | use crate::services::language_service::LanguageService;
#15 126.1   |     ^^^^^^^^^^^^^^^^^^^^^^^^^^^^^^^^^^^^^^^^^^^^^^^^^^
#15 126.1 
#15 126.1 warning: unused imports: `crm_segments` and `users`
#15 126.1  --> src/services/crm_service.rs:9:54
#15 126.1   |
#15 126.1 9 | use crate::schema::{crm_customers, crm_interactions, crm_segments, crm_tasks, crm_notes, users};
#15 126.1   |                                                      ^^^^^^^^^^^^                        ^^^^^
#15 126.1 
#15 126.1 warning: unused imports: `Deserialize` and `Serialize`
#15 126.1  --> src/models/config_models.rs:1:13
#15 126.1   |
#15 126.1 1 | use serde::{Deserialize, Serialize};
#15 126.1   |             ^^^^^^^^^^^  ^^^^^^^^^
#15 126.1 
#15 126.1 warning: unused import: `std::io::Write`
#15 126.1  --> src/models/status_enum.rs:8:5
#15 126.1   |
#15 126.1 8 | use std::io::Write;
#15 126.1   |     ^^^^^^^^^^^^^^
#15 126.1 
#15 126.1 warning: unused import: `diesel::serialize::ToSql`
#15 126.1  --> src/models/revision_models.rs:6:5
#15 126.1   |
#15 126.1 6 | use diesel::serialize::ToSql;
#15 126.1   |     ^^^^^^^^^^^^^^^^^^^^^^^^
#15 126.1 
#15 126.1 warning: unused import: `diesel::deserialize::FromSql`
#15 126.1  --> src/models/revision_models.rs:7:5
#15 126.1   |
#15 126.1 7 | use diesel::deserialize::FromSql;
#15 126.1   |     ^^^^^^^^^^^^^^^^^^^^^^^^^^^^
#15 126.1 
#15 126.1 warning: unused imports: `Jsonb` and `Numeric`
#15 126.1  --> src/models/inventory_models.rs:3:25
#15 126.1   |
#15 126.1 3 | use diesel::sql_types::{Jsonb, Numeric};
#15 126.1   |                         ^^^^^  ^^^^^^^
#15 126.1 
#15 126.1 warning: unused import: `PooledConnection`
#15 126.1   --> src/models/mod.rs:22:99
#15 126.1    |
#15 126.1 22 | use diesel::{PgConnection, query_builder::AsChangeset, r2d2::{ConnectionManager, Pool, PoolError, PooledConnection}};
#15 126.1    |                                                                                                   ^^^^^^^^^^^^^^^^
#15 126.1 
#15 126.1 warning: unused import: `crate::models::DatabasePool`
#15 126.1  --> src/graphql/query.rs:5:5
#15 126.1   |
#15 126.1 5 | use crate::models::DatabasePool;
#15 126.1   |     ^^^^^^^^^^^^^^^^^^^^^^^^^^^
#15 126.1 
#15 126.1 warning: unused import: `HttpResponse`
#15 126.1  --> src/middleware/rate_limit.rs:5:12
#15 126.1   |
#15 126.1 5 |     Error, HttpResponse,
#15 126.1   |            ^^^^^^^^^^^^
#15 126.1 
#15 126.1 warning: unused import: `HttpResponse`
#15 126.1  --> src/middleware/auth_middleware.rs:3:25
#15 126.1   |
#15 126.1 3 |     Error, HttpMessage, HttpResponse,
#15 126.1   |                         ^^^^^^^^^^^^
#15 126.1 
#15 126.1 warning: unused imports: `Claims`, `UserContext`, `create_jwt_token`, and `get_user_context`
#15 126.1  --> src/middleware/mod.rs:4:43
#15 126.1   |
#15 126.1 4 | pub use auth_middleware::{AuthMiddleware, UserContext, Claims, create_jwt_token, get_user_context};
#15 126.1   |                                           ^^^^^^^^^^^  ^^^^^^  ^^^^^^^^^^^^^^^^  ^^^^^^^^^^^^^^^^
#15 126.1 
#15 126.5 warning: use of deprecated type alias `diesel::dsl::count_distinct`
#15 126.5    --> src/services/analytics_service.rs:129:26
#15 126.5     |
#15 126.5 129 |         use diesel::dsl::count_distinct;
#15 126.5     |                          ^^^^^^^^^^^^^^
#15 126.5     |
#15 126.5     = note: `#[warn(deprecated)]` on by default
#15 126.5 
#15 126.5 warning: use of deprecated function `diesel::dsl::count_distinct`: Use `AggregateExpressionMethods::aggregate_distinct` instead
#15 126.5    --> src/services/analytics_service.rs:129:26
#15 126.5     |
#15 126.5 129 |         use diesel::dsl::count_distinct;
#15 126.5     |                          ^^^^^^^^^^^^^^
#15 126.5 
#15 126.5 warning: use of deprecated function `diesel::dsl::count_distinct`: Use `AggregateExpressionMethods::aggregate_distinct` instead
#15 126.5    --> src/services/analytics_service.rs:136:21
#15 126.5     |
#15 126.5 136 |             .select(count_distinct(dsl::user_id))
#15 126.5     |                     ^^^^^^^^^^^^^^
#15 126.5 
#15 126.5 warning: use of deprecated function `base64::encode`: Use Engine::encode
#15 126.5    --> src/services/payment_service/square.rs:237:32
#15 126.5     |
#15 126.5 237 |         let expected = base64::encode(mac.finalize().into_bytes());
#15 126.5     |                                ^^^^^^
#15 126.5 
#15 126.5 warning: use of deprecated type alias `diesel::backend::RawValue`: Use `Backend::RawValue` directly
#15 126.5   --> src/models/status_enum.rs:34:41
#15 126.5    |
#15 126.5 34 |     fn from_sql(bytes: diesel::backend::RawValue<Pg>) -> deserialize::Result<Self> {
#15 126.5    |                                         ^^^^^^^^
#15 126.5 
#15 129.1 warning: use of deprecated method `actix_web::HttpResponseBuilder::set_header`: Replaced with `insert_header((key, value))`. Will be removed in v5.
#15 129.1   --> src/controllers/sitemap_controller.rs:64:26
#15 129.1    |
#15 129.1 64 |                         .set_header("Content-Encoding", "gzip")
#15 129.1    |                          ^^^^^^^^^^
#15 129.1 
#15 129.1 warning: use of deprecated method `actix_web::HttpResponseBuilder::set_header`: Replaced with `insert_header((key, value))`. Will be removed in v5.
#15 129.1   --> src/controllers/sitemap_controller.rs:65:26
#15 129.1    |
#15 129.1 65 |                         .set_header("X-Sitemap-Count", page_count.to_string())
#15 129.1    |                          ^^^^^^^^^^
#15 129.1 
#15 129.1 warning: use of deprecated method `actix_web::HttpResponseBuilder::set_header`: Replaced with `insert_header((key, value))`. Will be removed in v5.
#15 129.1   --> src/controllers/sitemap_controller.rs:71:30
#15 129.1    |
#15 129.1 71 | ...                   .set_header("X-Sitemap-Count", page_count.to_string())
#15 129.1    |                        ^^^^^^^^^^
#15 129.1 
#15 129.1 warning: use of deprecated method `actix_web::HttpResponseBuilder::set_header`: Replaced with `insert_header((key, value))`. Will be removed in v5.
#15 129.1   --> src/controllers/sitemap_controller.rs:79:22
#15 129.1    |
#15 129.1 79 |                     .set_header("X-Sitemap-Count", page_count.to_string())
#15 129.1    |                      ^^^^^^^^^^
#15 129.1 
#15 129.3 warning: variable does not need to be mutable
#15 129.3    --> src/services/ai_authorization_service.rs:133:13
#15 129.3     |
#15 129.3 133 |         let mut conn = pool.get().map_err(|_| diesel::result::Error::DatabaseError(
#15 129.3     |             ----^^^^
#15 129.3     |             |
#15 129.3     |             help: remove this `mut`
#15 129.3     |
#15 129.3     = note: `#[warn(unused_mut)]` (part of `#[warn(unused)]`) on by default
#15 129.3 
#15 129.5 warning: variable does not need to be mutable
#15 129.5   --> src/services/aeo_service.rs:79:13
#15 129.5    |
#15 129.5 79 |         let mut pairs = vec![
#15 129.5    |             ----^^^^^
#15 129.5    |             |
#15 129.5    |             help: remove this `mut`
#15 129.5 
#15 130.0 warning: use of deprecated associated function `handlebars::RenderError::new`: Use RenderErrorReason instead
#15 130.0   --> src/helpers/default.rs:17:29
#15 130.0    |
#15 130.0 17 |         .ok_or(RenderError::new(
#15 130.0    |                             ^^^
#15 130.0 
#15 130.0 warning: use of deprecated associated function `handlebars::RenderError::new`: Use RenderErrorReason instead
#15 130.0   --> src/helpers/default.rs:28:33
#15 130.0    |
#15 130.0 28 |             .ok_or(RenderError::new("No fields exist on this page."))?
#15 130.0    |                                 ^^^
#15 130.0 
#15 130.0 warning: use of deprecated associated function `handlebars::RenderError::new`: Use RenderErrorReason instead
#15 130.0   --> src/helpers/default.rs:30:33
#15 130.0    |
#15 130.0 30 |             .ok_or(RenderError::new(&format!(
#15 130.0    |                                 ^^^
#15 130.0 
#15 130.0 warning: use of deprecated associated function `handlebars::RenderError::new`: Use RenderErrorReason instead
#15 130.0   --> src/helpers/default.rs:61:33
#15 130.0    |
#15 130.0 61 |             .ok_or(RenderError::new(
#15 130.0    |                                 ^^^
#15 130.0 
#15 130.0 warning: use of deprecated associated function `handlebars::RenderError::new`: Use RenderErrorReason instead
#15 130.0   --> src/helpers/default.rs:70:37
#15 130.0    |
#15 130.0 70 |                 .ok_or(RenderError::new("No fields exist on this page."))?
#15 130.0    |                                     ^^^
#15 130.0 
#15 130.0 warning: use of deprecated associated function `handlebars::RenderError::new`: Use RenderErrorReason instead
#15 130.0   --> src/helpers/default.rs:72:37
#15 130.0    |
#15 130.0 72 |                 .ok_or(RenderError::new(&format!(
#15 130.0    |                                     ^^^
#15 130.0 
#15 130.0 warning: use of deprecated method `chrono::DateTime::<Tz>::date`: Use `date_naive()` instead
#15 130.0   --> src/services/analytics_service.rs:86:38
#15 130.0    |
#15 130.0 86 |         let today_start = Utc::now().date().and_hms(0, 0, 0).naive_utc();
#15 130.0    |                                      ^^^^
#15 130.0 
#15 130.0 warning: use of deprecated method `chrono::Date::<Tz>::and_hms`: Use and_hms_opt() instead
#15 130.0   --> src/services/analytics_service.rs:86:45
#15 130.0    |
#15 130.0 86 |         let today_start = Utc::now().date().and_hms(0, 0, 0).naive_utc();
#15 130.0    |                                             ^^^^^^^
#15 130.0 
#15 130.0 warning: use of deprecated method `chrono::DateTime::<Tz>::date`: Use `date_naive()` instead
#15 130.0    --> src/services/analytics_service.rs:132:38
#15 130.0     |
#15 130.0 132 |         let today_start = Utc::now().date().and_hms(0, 0, 0).naive_utc();
#15 130.0     |                                      ^^^^
#15 130.0 
#15 130.0 warning: use of deprecated method `chrono::Date::<Tz>::and_hms`: Use and_hms_opt() instead
#15 130.0    --> src/services/analytics_service.rs:132:45
#15 130.0     |
#15 130.0 132 |         let today_start = Utc::now().date().and_hms(0, 0, 0).naive_utc();
#15 130.0     |                                             ^^^^^^^
#15 130.0 
#15 131.6 error[E0277]: the trait bound `create_backup: Handler<_>` is not satisfied
#15 131.6    --> src/main.rs:214:56
#15 131.6     |
#15 131.6 214 |                 .route("/admin/backup", web::post().to(controllers::backup_controller::create_backup))
#15 131.6     |                                                     -- ^^^^^^^^^^^^^^^^^^^^^^^^^^^^^^^^^^^^^^^^^^^^^ unsatisfied trait bound
#15 131.6     |                                                     |
#15 131.6     |                                                     required by a bound introduced by this call
#15 131.6     |
#15 131.6 help: the trait `Handler<_>` is not implemented for `create_backup`
#15 131.6    --> src/controllers/backup_controller.rs:33:1
#15 131.6     |
#15 131.6  33 | #[post("/admin/backups")]
#15 131.6     | ^^^^^^^^^^^^^^^^^^^^^^^^^
#15 131.6 note: required by a bound in `Route::to`
#15 131.6    --> /usr/local/cargo/registry/src/index.crates.io-1949cf8c6b5b557f/actix-web-4.12.1/src/route.rs:212:12
#15 131.6     |
#15 131.6 210 |     pub fn to<F, Args>(mut self, handler: F) -> Self
#15 131.6     |            -- required by a bound in this associated function
#15 131.6 211 |     where
#15 131.6 212 |         F: Handler<Args>,
#15 131.6     |            ^^^^^^^^^^^^^ required by this bound in `Route::to`
#15 131.6     = note: this error originates in the attribute macro `post` (in Nightly builds, run with -Z macro-backtrace for more info)
#15 131.6 
#15 131.7 warning: unused import: `diesel::prelude`
#15 131.7  --> src/controllers/i18n_controller.rs:2:5
#15 131.7   |
#15 131.7 2 | use diesel::prelude::*;
#15 131.7   |     ^^^^^^^^^^^^^^^
#15 131.7 
#15 131.7 warning: unused import: `Digest`
#15 131.7  --> src/services/webhook_service.rs:5:20
#15 131.7   |
#15 131.7 5 | use sha2::{Sha256, Digest};
#15 131.7   |                    ^^^^^^
#15 131.7 
#15 131.7 warning: variable `caption` is assigned to, but never used
#15 131.7   --> src/controllers/media_controller.rs:92:9
#15 131.7    |
#15 131.7 92 |     let mut caption = None;
#15 131.7    |         ^^^^^^^^^^^
#15 131.7    |
#15 131.7    = note: consider using `_caption` instead
#15 131.7    = note: `#[warn(unused_variables)]` (part of `#[warn(unused)]`) on by default
#15 131.7 
#15 131.7 warning: variable `folder` is assigned to, but never used
#15 131.7   --> src/controllers/media_controller.rs:93:9
#15 131.7    |
#15 131.7 93 |     let mut folder = None;
#15 131.7    |         ^^^^^^^^^^
#15 131.7    |
#15 131.7    = note: consider using `_folder` instead
#15 131.7 
#15 131.7 warning: value assigned to `caption` is never read
#15 131.7    --> src/controllers/media_controller.rs:149:21
#15 131.7     |
#15 131.7 149 |                     caption = Some(value);
#15 131.7     |                     ^^^^^^^
#15 131.7     |
#15 131.7     = help: maybe it is overwritten before being read?
#15 131.7     = note: `#[warn(unused_assignments)]` (part of `#[warn(unused)]`) on by default
#15 131.7 
#15 131.7 warning: value assigned to `folder` is never read
#15 131.7    --> src/controllers/media_controller.rs:160:21
#15 131.7     |
#15 131.7 160 |                     folder = Some(value);
#15 131.7     |                     ^^^^^^
#15 131.7     |
#15 131.7     = help: maybe it is overwritten before being read?
#15 131.7 
#15 131.7 warning: unused variable: `pool`
#15 131.7   --> src/controllers/relationship_controller.rs:34:5
#15 131.7    |
#15 131.7 34 |     pool: web::Data<DatabasePool>
#15 131.7    |     ^^^^ help: if this is intentional, prefix it with an underscore: `_pool`
#15 131.7 
#15 131.7 warning: unused variable: `pool`
#15 131.7   --> src/controllers/relationship_controller.rs:52:5
#15 131.7    |
#15 131.7 52 |     pool: web::Data<DatabasePool>
#15 131.7    |     ^^^^ help: if this is intentional, prefix it with an underscore: `_pool`
#15 131.7 
#15 131.7 warning: unused variable: `id`
#15 131.7   --> src/controllers/relationship_controller.rs:67:5
#15 131.7    |
#15 131.7 67 |     id: web::Path<i64>,
#15 131.7    |     ^^ help: if this is intentional, prefix it with an underscore: `_id`
#15 131.7 
#15 131.7 warning: unused variable: `pool`
#15 131.7   --> src/controllers/relationship_controller.rs:68:5
#15 131.7    |
#15 131.7 68 |     pool: web::Data<DatabasePool>
#15 131.7    |     ^^^^ help: if this is intentional, prefix it with an underscore: `_pool`
#15 131.7 
#15 131.8 warning: unused variable: `pool`
#15 131.8   --> src/controllers/webhook_controller.rs:25:28
#15 131.8    |
#15 131.8 25 | pub async fn list_webhooks(pool: web::Data<DatabasePool>) -> impl Responder {
#15 131.8    |                            ^^^^ help: if this is intentional, prefix it with an underscore: `_pool`
#15 131.8 
#15 131.8 warning: unused variable: `pool`
#15 131.8   --> src/controllers/webhook_controller.rs:37:5
#15 131.8    |
#15 131.8 37 |     pool: web::Data<DatabasePool>
#15 131.8    |     ^^^^ help: if this is intentional, prefix it with an underscore: `_pool`
#15 131.8 
#15 131.8 warning: unused variable: `pool`
#15 131.8   --> src/controllers/webhook_controller.rs:53:5
#15 131.8    |
#15 131.8 53 |     pool: web::Data<DatabasePool>
#15 131.8    |     ^^^^ help: if this is intentional, prefix it with an underscore: `_pool`
#15 131.8 
#15 131.8 warning: unused variable: `id`
#15 131.8   --> src/controllers/webhook_controller.rs:66:5
#15 131.8    |
#15 131.8 66 |     id: web::Path<i32>,
#15 131.8    |     ^^ help: if this is intentional, prefix it with an underscore: `_id`
#15 131.8 
#15 131.8 warning: unused variable: `pool`
#15 131.8   --> src/controllers/webhook_controller.rs:67:5
#15 131.8    |
#15 131.8 67 |     pool: web::Data<DatabasePool>
#15 131.8    |     ^^^^ help: if this is intentional, prefix it with an underscore: `_pool`
#15 131.8 
#15 131.8 warning: unused variable: `id`
#15 131.8   --> src/controllers/webhook_controller.rs:78:5
#15 131.8    |
#15 131.8 78 |     id: web::Path<i32>,
#15 131.8    |     ^^ help: if this is intentional, prefix it with an underscore: `_id`
#15 131.8 
#15 131.8 warning: unused variable: `pool`
#15 131.8   --> src/controllers/webhook_controller.rs:79:5
#15 131.8    |
#15 131.8 79 |     pool: web::Data<DatabasePool>
#15 131.8    |     ^^^^ help: if this is intentional, prefix it with an underscore: `_pool`
#15 131.8 
#15 131.8 warning: unused variable: `pool`
#15 131.8   --> src/controllers/webhook_controller.rs:91:5
#15 131.8    |
#15 131.8 91 |     pool: web::Data<DatabasePool>
#15 131.8    |     ^^^^ help: if this is intentional, prefix it with an underscore: `_pool`
#15 131.8 
#15 131.8 warning: unused variable: `e`
#15 131.8    --> src/services/crm_service.rs:172:15
#15 131.8     |
#15 131.8 172 |     .map_err(|e| CustomHttpError::NotFound("Customer not found".to_string()))?;
#15 131.8     |               ^ help: if this is intentional, prefix it with an underscore: `_e`
#15 131.8 
#15 131.9 warning: unused variable: `page_url`
#15 131.9   --> src/services/analytics_service.rs:44:9
#15 131.9    |
#15 131.9 44 |         page_url: String,
#15 131.9    |         ^^^^^^^^ help: if this is intentional, prefix it with an underscore: `_page_url`
#15 131.9 
#15 131.9 warning: unused variable: `page_uuid`
#15 131.9   --> src/services/analytics_service.rs:45:9
#15 131.9    |
#15 131.9 45 |         page_uuid: Option<String>,
#15 131.9    |         ^^^^^^^^^ help: if this is intentional, prefix it with an underscore: `_page_uuid`
#15 131.9 
#15 131.9 warning: unused variable: `page_url`
#15 131.9   --> src/services/analytics_service.rs:68:27
#15 131.9    |
#15 131.9 68 |     pub fn get_page_views(page_url: &str) -> i64 {
#15 131.9    |                           ^^^^^^^^ help: if this is intentional, prefix it with an underscore: `_page_url`
#15 131.9 
#15 131.9 warning: unused variable: `reason`
#15 131.9    --> src/services/inventory_service.rs:128:9
#15 131.9     |
#15 131.9 128 |     let reason = payload.reason.clone();
#15 131.9     |         ^^^^^^ help: if this is intentional, prefix it with an underscore: `_reason`
#15 131.9 
#15 131.9 warning: unused variable: `team_role`
#15 131.9   --> src/services/ai_scope_service.rs:70:25
#15 131.9    |
#15 131.9 70 |             if let Some(team_role) = &user.team_role {
#15 131.9    |                         ^^^^^^^^^ help: if this is intentional, prefix it with an underscore: `_team_role`
#15 131.9 
#15 132.0 warning: unused variable: `payload`
#15 132.0    --> src/services/ai_provider_service.rs:137:5
#15 132.0     |
#15 132.0 137 |     payload: web::Json<UpdateProviderRequest>,
#15 132.0     |     ^^^^^^^ help: if this is intentional, prefix it with an underscore: `_payload`
#15 132.0 
#15 132.0 warning: unused variable: `provider_id`
#15 132.0    --> src/services/ai_content_service.rs:138:9
#15 132.0     |
#15 132.0 138 |     let provider_id = provider.id;
#15 132.0     |         ^^^^^^^^^^^ help: if this is intentional, prefix it with an underscore: `_provider_id`
#15 132.0 
#15 132.0 warning: variable does not need to be mutable
#15 132.0   --> src/services/ai_authorization_service.rs:94:9
#15 132.0    |
#15 132.0 94 |     let mut conn = pool.get().map_err(|_| diesel::result::Error::DatabaseError(
#15 132.0    |         ----^^^^
#15 132.0    |         |
#15 132.0    |         help: remove this `mut`
#15 132.0 
#15 132.0 warning: unused variable: `conn`
#15 132.0   --> src/services/ai_authorization_service.rs:94:9
#15 132.0    |
#15 132.0 94 |     let mut conn = pool.get().map_err(|_| diesel::result::Error::DatabaseError(
#15 132.0    |         ^^^^^^^^ help: if this is intentional, prefix it with an underscore: `_conn`
#15 132.0 
#15 132.0 warning: unused variable: `conn`
#15 132.0    --> src/services/ai_authorization_service.rs:133:13
#15 132.0     |
#15 132.0 133 |         let mut conn = pool.get().map_err(|_| diesel::result::Error::DatabaseError(
#15 132.0     |             ^^^^^^^^ help: if this is intentional, prefix it with an underscore: `_conn`
#15 132.0 
#15 132.0 warning: unused variable: `page_id`
#15 132.0    --> src/services/ai_authorization_service.rs:124:5
#15 132.0     |
#15 132.0 124 |     page_id: i64,
#15 132.0     |     ^^^^^^^ help: if this is intentional, prefix it with an underscore: `_page_id`
#15 132.0 
#15 132.0 warning: unused variable: `user_id`
#15 132.0    --> src/services/ai_authorization_service.rs:129:9
#15 132.0     |
#15 132.0 129 |     let user_id = user.user_id;
#15 132.0     |         ^^^^^^^ help: if this is intentional, prefix it with an underscore: `_user_id`
#15 132.0 
#15 132.0 warning: unused variable: `parameters`
#15 132.0    --> src/services/mcp_client.rs:131:9
#15 132.0     |
#15 132.0 131 |         parameters: serde_json::Value
#15 132.0     |         ^^^^^^^^^^ help: if this is intentional, prefix it with an underscore: `_parameters`
#15 132.0 
#15 132.3 warning: unused variable: `api_key`
#15 132.3    --> src/services/command_router.rs:101:13
#15 132.3     |
#15 132.3 101 |         let api_key = self.key_manager
#15 132.3     |             ^^^^^^^ help: if this is intentional, prefix it with an underscore: `_api_key`
#15 132.3 
#15 132.3 warning: unused variable: `prompt`
#15 132.3    --> src/services/command_router.rs:111:13
#15 132.3     |
#15 132.3 111 |         let prompt = format!(
#15 132.3     |             ^^^^^^ help: if this is intentional, prefix it with an underscore: `_prompt`
#15 132.3 
#15 132.3 warning: unused variable: `api_key`
#15 132.3    --> src/services/command_router.rs:155:13
#15 132.3     |
#15 132.3 155 |         let api_key = self.key_manager
#15 132.3     |             ^^^^^^^ help: if this is intentional, prefix it with an underscore: `_api_key`
#15 132.3 
#15 132.3 warning: unused variable: `api_key`
#15 132.3    --> src/services/command_router.rs:206:13
#15 132.3     |
#15 132.3 206 |         let api_key = self.key_manager
#15 132.3     |             ^^^^^^^ help: if this is intentional, prefix it with an underscore: `_api_key`
#15 132.3 
#15 132.3 warning: unused variable: `api_key`
#15 132.3    --> src/services/command_router.rs:257:13
#15 132.3     |
#15 132.3 257 |         let api_key = self.key_manager
#15 132.3     |             ^^^^^^^ help: if this is intentional, prefix it with an underscore: `_api_key`
#15 132.3 
#15 132.3 warning: unused variable: `api_key`
#15 132.3    --> src/services/command_router.rs:303:13
#15 132.3     |
#15 132.3 303 |         let api_key = self.key_manager
#15 132.3     |             ^^^^^^^ help: if this is intentional, prefix it with an underscore: `_api_key`
#15 132.3 
#15 132.6 warning: unused variable: `domain`
#15 132.6   --> src/services/geo_service.rs:32:9
#15 132.6    |
#15 132.6 32 |         domain: &str,
#15 132.6    |         ^^^^^^ help: if this is intentional, prefix it with an underscore: `_domain`
#15 132.6 
#15 132.6 warning: unused variable: `content`
#15 132.6   --> src/services/geo_service.rs:60:42
#15 132.6    |
#15 132.6 60 |     async fn extract_attributions(&self, content: &str) -> Result<Vec<SourceAttribution>, String> {
#15 132.6    |                                          ^^^^^^^ help: if this is intentional, prefix it with an underscore: `_content`
#15 132.6 
#15 132.6 warning: unused variable: `content`
#15 132.6   --> src/services/seo_meta_generator.rs:47:36
#15 132.6    |
#15 132.6 47 |     async fn generate_title(&self, content: &str, keyword: &str) -> Result<String, String> {
#15 132.6    |                                    ^^^^^^^ help: if this is intentional, prefix it with an underscore: `_content`
#15 132.6 
#15 132.6 warning: unused variable: `content`
#15 132.6   --> src/services/seo_meta_generator.rs:54:42
#15 132.6    |
#15 132.6 54 |     async fn generate_description(&self, content: &str, keyword: &str) -> Result<String, String> {
#15 132.6    |                                          ^^^^^^^ help: if this is intentional, prefix it with an underscore: `_content`
#15 132.6 
#15 132.6 warning: unused variable: `content`
#15 132.6   --> src/services/seo_meta_generator.rs:61:38
#15 132.6    |
#15 132.6 61 |     async fn extract_keywords(&self, content: &str) -> Result<Vec<String>, String> {
#15 132.6    |                                      ^^^^^^^ help: if this is intentional, prefix it with an underscore: `_content`
#15 132.6 
#15 132.6 warning: unused variable: `content`
#15 132.6   --> src/services/content_quality.rs:81:34
#15 132.6    |
#15 132.6 81 |     fn syllables_per_word(&self, content: &str) -> f64 {
#15 132.6    |                                  ^^^^^^^ help: if this is intentional, prefix it with an underscore: `_content`
#15 132.6 
#15 132.6 warning: unused variable: `words`
#15 132.6    --> src/services/link_builder.rs:165:13
#15 132.6     |
#15 132.6 165 |         let words: Vec<&str> = content.split_whitespace().collect();
#15 132.6     |             ^^^^^ help: if this is intentional, prefix it with an underscore: `_words`
#15 132.6 
#15 132.8 warning: unused variable: `total`
#15 132.8    --> src/services/content_calendar.rs:163:13
#15 132.8     |
#15 132.8 163 |         let total = schedule.len() as f64;
#15 132.8     |             ^^^^^ help: if this is intentional, prefix it with an underscore: `_total`
#15 132.8 
#15 132.8 warning: unused variable: `keyword`
#15 132.8   --> src/services/rank_tracker.rs:66:34
#15 132.8    |
#15 132.8 66 |     async fn get_rankings(&self, keyword: &str, url: &str) -> Result<Vec<RankingSnapshot>, String> {
#15 132.8    |                                  ^^^^^^^ help: if this is intentional, prefix it with an underscore: `_keyword`
#15 132.8 
#15 132.9 warning: unused variable: `product_name`
#15 132.9   --> src/services/wishlist.rs:49:9
#15 132.9    |
#15 132.9 49 |         product_name: String,
#15 132.9    |         ^^^^^^^^^^^^ help: if this is intentional, prefix it with an underscore: `_product_name`
#15 132.9 
#15 132.9 warning: unused variable: `price`
#15 132.9   --> src/services/wishlist.rs:50:9
#15 132.9    |
#15 132.9 50 |         price: f64,
#15 132.9    |         ^^^^^ help: if this is intentional, prefix it with an underscore: `_price`
#15 132.9 
#15 133.1 warning: unused variable: `required_permission`
#15 133.1   --> src/services/permission_service.rs:74:5
#15 133.1    |
#15 133.1 74 |     required_permission: &str,
#15 133.1    |     ^^^^^^^^^^^^^^^^^^^ help: if this is intentional, prefix it with an underscore: `_required_permission`
#15 133.1 
#15 133.2 warning: unused variable: `quality`
#15 133.2   --> src/services/image_service.rs:92:44
#15 133.2    |
#15 133.2 92 | pub fn convert_to_webp(img: &DynamicImage, quality: u8) -> Result<Vec<u8>, String> {
#15 133.2    |                                            ^^^^^^^ help: if this is intentional, prefix it with an underscore: `_quality`
#15 133.2 
#15 133.2 warning: unused variable: `content_type`
#15 133.2   --> src/services/plugin_service/mod.rs:28:37
#15 133.2    |
#15 133.2 28 |     async fn on_save_content(&self, content_type: &str, data: &serde_json::Value) -> Result<(), String> {
#15 133.2    |                                     ^^^^^^^^^^^^ help: if this is intentional, prefix it with an underscore: `_content_type`
#15 133.2 
#15 133.2 warning: unused variable: `data`
#15 133.2   --> src/services/plugin_service/mod.rs:28:57
#15 133.2    |
#15 133.2 28 |     async fn on_save_content(&self, content_type: &str, data: &serde_json::Value) -> Result<(), String> {
#15 133.2    |                                                         ^^^^ help: if this is intentional, prefix it with an underscore: `_data`
#15 133.2 
#15 133.5 warning: unused variable: `payload`
#15 133.5    --> src/services/payment_service/paypal.rs:242:40
#15 133.5     |
#15 133.5 242 |     fn verify_webhook_signature(&self, payload: &[u8], signature: &str) -> Result<bool, String> {
#15 133.5     |                                        ^^^^^^^ help: if this is intentional, prefix it with an underscore: `_payload`
#15 133.5 
#15 133.6 warning: variable does not need to be mutable
#15 133.6   --> src/services/encryption_service.rs:79:23
#15 133.6    |
#15 133.6 79 |     let (nonce_bytes, mut ciphertext) = combined.split_at(NONCE_LEN);
#15 133.6    |                       ----^^^^^^^^^^
#15 133.6    |                       |
#15 133.6    |                       help: remove this `mut`
#15 133.6 
#15 133.6 warning: unused variable: `session_id`
#15 133.6   --> src/services/analytics_service_v2.rs:24:9
#15 133.6    |
#15 133.6 24 |         session_id: String,
#15 133.6    |         ^^^^^^^^^^ help: if this is intentional, prefix it with an underscore: `_session_id`
#15 133.6 
#15 133.6 warning: unused variable: `user_agent`
#15 133.6   --> src/services/analytics_service_v2.rs:26:9
#15 133.6    |
#15 133.6 26 |         user_agent: String,
#15 133.6    |         ^^^^^^^^^^ help: if this is intentional, prefix it with an underscore: `_user_agent`
#15 133.6 
#15 133.6 warning: unused variable: `referer`
#15 133.6   --> src/services/analytics_service_v2.rs:27:9
#15 133.6    |
#15 133.6 27 |         referer: Option<String>
#15 133.6    |         ^^^^^^^ help: if this is intentional, prefix it with an underscore: `_referer`
#15 133.6 
#15 133.6 warning: unused variable: `page_uuid`
#15 133.6   --> src/services/analytics_service_v2.rs:36:9
#15 133.6    |
#15 133.6 36 |         page_uuid: Option<String>,
#15 133.6    |         ^^^^^^^^^ help: if this is intentional, prefix it with an underscore: `_page_uuid`
#15 133.6 
#15 133.6 warning: unused variable: `metadata`
#15 133.6   --> src/services/analytics_service_v2.rs:37:9
#15 133.6    |
#15 133.6 37 |         metadata: Option<serde_json::Value>
#15 133.6    |         ^^^^^^^^ help: if this is intentional, prefix it with an underscore: `_metadata`
#15 133.6 
#15 133.6 warning: unused variable: `page_uuid`
#15 133.6   --> src/services/analytics_service_v2.rs:44:9
#15 133.6    |
#15 133.6 44 |         page_uuid: &str,
#15 133.6    |         ^^^^^^^^^ help: if this is intentional, prefix it with an underscore: `_page_uuid`
#15 133.6 
#15 133.6 warning: unused variable: `from_date`
#15 133.6   --> src/services/analytics_service_v2.rs:45:9
#15 133.6    |
#15 133.6 45 |         from_date: NaiveDateTime,
#15 133.6    |         ^^^^^^^^^ help: if this is intentional, prefix it with an underscore: `_from_date`
#15 133.6 
#15 133.6 warning: unused variable: `to_date`
#15 133.6   --> src/services/analytics_service_v2.rs:46:9
#15 133.6    |
#15 133.6 46 |         to_date: NaiveDateTime
#15 133.6    |         ^^^^^^^ help: if this is intentional, prefix it with an underscore: `_to_date`
#15 133.6 
#15 133.6 warning: unused variable: `redirect_uri`
#15 133.6   --> src/services/oauth_service.rs:57:9
#15 133.6    |
#15 133.6 57 |         redirect_uri: &str,
#15 133.6    |         ^^^^^^^^^^^^ help: if this is intentional, prefix it with an underscore: `_redirect_uri`
#15 133.6 
#15 133.6 warning: unused variable: `token_url`
#15 133.6   --> src/services/oauth_service.rs:63:21
#15 133.6    |
#15 133.6 63 |                 let token_url = "https://oauth2.googleapis.com/token";
#15 133.6    |                     ^^^^^^^^^ help: if this is intentional, prefix it with an underscore: `_token_url`
#15 133.6 
#15 133.6 warning: unused variable: `token_url`
#15 133.6   --> src/services/oauth_service.rs:75:21
#15 133.6    |
#15 133.6 75 |                 let token_url = "https://github.com/login/oauth/access_token";
#15 133.6    |                     ^^^^^^^^^ help: if this is intentional, prefix it with an underscore: `_token_url`
#15 133.6 
#15 133.6 warning: unused variable: `access_token`
#15 133.6   --> src/services/oauth_service.rs:90:48
#15 133.6    |
#15 133.6 90 |     pub async fn get_user_info(provider: &str, access_token: &str) -> Result<serde_json::Value, String> {
#15 133.6    |                                                ^^^^^^^^^^^^ help: if this is intentional, prefix it with an underscore: `_access_token`
#15 133.6 
#15 133.6 warning: unused variable: `current_lang`
#15 133.6  --> src/services/hreflang_service.rs:6:5
#15 133.6   |
#15 133.6 6 |     current_lang: &str,  
#15 133.6   |     ^^^^^^^^^^^^ help: if this is intentional, prefix it with an underscore: `_current_lang`
#15 133.6 
#15 134.0 warning: variable does not need to be mutable
#15 134.0    --> src/models/page_models.rs:274:13
#15 134.0     |
#15 134.0 274 |         let mut page_dto: PageModuleDTO = filtered_page.into();
#15 134.0     |             ----^^^^^^^^
#15 134.0     |             |
#15 134.0     |             help: remove this `mut`
#15 134.0 
#15 134.0 warning: unused variable: `module_dto`
#15 134.0    --> src/models/page_models.rs:269:13
#15 134.0     |
#15 134.0 269 |         let module_dto = FieldsDTO {
#15 134.0     |             ^^^^^^^^^^ help: if this is intentional, prefix it with an underscore: `_module_dto`
#15 134.0 
#15 135.4 warning: unused variable: `pool`
#15 135.4   --> src/models/db_connection.rs:39:33
#15 135.4    |
#15 135.4 39 | pub fn get_database_type_string(pool: &DatabasePool) -> &'static str {
#15 135.4    |                                 ^^^^ help: if this is intentional, prefix it with an underscore: `_pool`
#15 135.4 
#15 136.0 warning: unused variable: `ctx`
#15 136.0   --> src/graphql/query.rs:12:26
#15 136.0    |
#15 136.0 12 |     async fn page(&self, ctx: &Context<'_>, uuid: String) -> Result<Option<GqlPage>> {
#15 136.0    |                          ^^^ help: if this is intentional, prefix it with an underscore: `_ctx`
#15 136.0 
#15 136.0 warning: unused variable: `ctx`
#15 136.0   --> src/graphql/query.rs:31:9
#15 136.0    |
#15 136.0 31 |         ctx: &Context<'_>,
#15 136.0    |         ^^^ help: if this is intentional, prefix it with an underscore: `_ctx`
#15 136.0 
#15 136.0 warning: unused variable: `page`
#15 136.0   --> src/graphql/query.rs:34:13
#15 136.0    |
#15 136.0 34 |         let page = pagination.as_ref().and_then(|p| p.page).unwrap_or(1);
#15 136.0    |             ^^^^ help: if this is intentional, prefix it with an underscore: `_page`
#15 136.0 
#15 136.0 warning: unused variable: `per_page`
#15 136.0   --> src/graphql/query.rs:35:13
#15 136.0    |
#15 136.0 35 |         let per_page = pagination.as_ref().and_then(|p| p.per_page).unwrap_or(20);
#15 136.0    |             ^^^^^^^^ help: if this is intentional, prefix it with an underscore: `_per_page`
#15 136.0 
#15 136.0 warning: unused variable: `ctx`
#15 136.0   --> src/graphql/query.rs:64:9
#15 136.0    |
#15 136.0 64 |         ctx: &Context<'_>,
#15 136.0    |         ^^^ help: if this is intentional, prefix it with an underscore: `_ctx`
#15 136.0 
#15 136.0 warning: unused variable: `resources`
#15 136.0   --> src/graphql/query.rs:66:9
#15 136.0    |
#15 136.0 66 |         resources: Option<Vec<String>>
#15 136.0    |         ^^^^^^^^^ help: if this is intentional, prefix it with an underscore: `_resources`
#15 136.0 
#15 136.0 warning: unused variable: `ctx`
#15 136.0   --> src/graphql/query.rs:82:9
#15 136.0    |
#15 136.0 82 |         ctx: &Context<'_>,
#15 136.0    |         ^^^ help: if this is intentional, prefix it with an underscore: `_ctx`
#15 136.0 
#15 136.0 warning: unused variable: `ctx`
#15 136.0    --> src/graphql/query.rs:100:9
#15 136.0     |
#15 136.0 100 |         ctx: &Context<'_>,
#15 136.0     |         ^^^ help: if this is intentional, prefix it with an underscore: `_ctx`
#15 136.0 
#15 136.0 warning: unused variable: `pagination`
#15 136.0    --> src/graphql/query.rs:101:9
#15 136.0     |
#15 136.0 101 |         pagination: Option<PaginationInput>
#15 136.0     |         ^^^^^^^^^^ help: if this is intentional, prefix it with an underscore: `_pagination`
#15 136.0 
#15 136.0 warning: unused variable: `ctx`
#15 136.0   --> src/graphql/mutation.rs:13:9
#15 136.0    |
#15 136.0 13 |         ctx: &Context<'_>,
#15 136.0    |         ^^^ help: if this is intentional, prefix it with an underscore: `_ctx`
#15 136.0 
#15 136.0 warning: unused variable: `ctx`
#15 136.0   --> src/graphql/mutation.rs:34:9
#15 136.0    |
#15 136.0 34 |         ctx: &Context<'_>,
#15 136.0    |         ^^^ help: if this is intentional, prefix it with an underscore: `_ctx`
#15 136.0 
#15 136.0 warning: unused variable: `ctx`
#15 136.0   --> src/graphql/mutation.rs:56:9
#15 136.0    |
#15 136.0 56 |         ctx: &Context<'_>,
#15 136.0    |         ^^^ help: if this is intentional, prefix it with an underscore: `_ctx`
#15 136.0 
#15 136.0 warning: unused variable: `uuid`
#15 136.0   --> src/graphql/mutation.rs:57:9
#15 136.0    |
#15 136.0 57 |         uuid: String
#15 136.0    |         ^^^^ help: if this is intentional, prefix it with an underscore: `_uuid`
#15 136.0 
#15 136.1 For more information about this error, try `rustc --explain E0277`.
#15 136.1 warning: `freeradical` (bin "freeradical") generated 182 warnings
#15 136.1 error: could not compile `freeradical` (bin "freeradical") due to 1 previous error; 182 warnings emitted
#15 ERROR: process "/bin/sh -c cargo build --release" did not complete successfully: exit code: 101
------
 > [builder 9/9] RUN cargo build --release:
136.0 
136.0 warning: unused variable: `uuid`
136.0   --> src/graphql/mutation.rs:57:9
136.0    |
136.0 57 |         uuid: String
136.0    |         ^^^^ help: if this is intentional, prefix it with an underscore: `_uuid`
136.0 
136.1 For more information about this error, try `rustc --explain E0277`.
136.1 warning: `freeradical` (bin "freeradical") generated 182 warnings
136.1 error: could not compile `freeradical` (bin "freeradical") due to 1 previous error; 182 warnings emitted
------

 [33m1 warning found (use docker --debug to expand):
[0m - FromAsCasing: 'as' and 'FROM' keywords' casing do not match (line 1)
Dockerfile:22
--------------------
  20 |     
  21 |     # Build release
  22 | >>> RUN cargo build --release
  23 |     
  24 |     # Runtime stage
--------------------
ERROR: failed to build: failed to solve: process "/bin/sh -c cargo build --release" did not complete successfully: exit code: 101
